Archive member included to satisfy reference by file (symbol)

c:/programywlasneoficjalnyfolder/cubeide/cubeideprogram/stm32cubeide_1.9.0/stm32cubeide/plugins/com.st.stm32cube.ide.mcu.externaltools.gnu-tools-for-stm32.10.3-2021.10.win32_1.0.0.202111181127/tools/bin/../lib/gcc/arm-none-eabi/10.3.1/../../../../arm-none-eabi/lib/thumb/v7e-m+fp/hard\libc_nano.a(lib_a-atoi.o)
                              ./Core/Src/main.o (atoi)
c:/programywlasneoficjalnyfolder/cubeide/cubeideprogram/stm32cubeide_1.9.0/stm32cubeide/plugins/com.st.stm32cube.ide.mcu.externaltools.gnu-tools-for-stm32.10.3-2021.10.win32_1.0.0.202111181127/tools/bin/../lib/gcc/arm-none-eabi/10.3.1/../../../../arm-none-eabi/lib/thumb/v7e-m+fp/hard\libc_nano.a(lib_a-errno.o)
                              ./Core/Src/syscalls.o (__errno)
c:/programywlasneoficjalnyfolder/cubeide/cubeideprogram/stm32cubeide_1.9.0/stm32cubeide/plugins/com.st.stm32cube.ide.mcu.externaltools.gnu-tools-for-stm32.10.3-2021.10.win32_1.0.0.202111181127/tools/bin/../lib/gcc/arm-none-eabi/10.3.1/../../../../arm-none-eabi/lib/thumb/v7e-m+fp/hard\libc_nano.a(lib_a-exit.o)
                              c:/programywlasneoficjalnyfolder/cubeide/cubeideprogram/stm32cubeide_1.9.0/stm32cubeide/plugins/com.st.stm32cube.ide.mcu.externaltools.gnu-tools-for-stm32.10.3-2021.10.win32_1.0.0.202111181127/tools/bin/../lib/gcc/arm-none-eabi/10.3.1/../../../../arm-none-eabi/lib/thumb/v7e-m+fp/hard/crt0.o (exit)
c:/programywlasneoficjalnyfolder/cubeide/cubeideprogram/stm32cubeide_1.9.0/stm32cubeide/plugins/com.st.stm32cube.ide.mcu.externaltools.gnu-tools-for-stm32.10.3-2021.10.win32_1.0.0.202111181127/tools/bin/../lib/gcc/arm-none-eabi/10.3.1/../../../../arm-none-eabi/lib/thumb/v7e-m+fp/hard\libc_nano.a(lib_a-impure.o)
                              c:/programywlasneoficjalnyfolder/cubeide/cubeideprogram/stm32cubeide_1.9.0/stm32cubeide/plugins/com.st.stm32cube.ide.mcu.externaltools.gnu-tools-for-stm32.10.3-2021.10.win32_1.0.0.202111181127/tools/bin/../lib/gcc/arm-none-eabi/10.3.1/../../../../arm-none-eabi/lib/thumb/v7e-m+fp/hard\libc_nano.a(lib_a-exit.o) (_global_impure_ptr)
c:/programywlasneoficjalnyfolder/cubeide/cubeideprogram/stm32cubeide_1.9.0/stm32cubeide/plugins/com.st.stm32cube.ide.mcu.externaltools.gnu-tools-for-stm32.10.3-2021.10.win32_1.0.0.202111181127/tools/bin/../lib/gcc/arm-none-eabi/10.3.1/../../../../arm-none-eabi/lib/thumb/v7e-m+fp/hard\libc_nano.a(lib_a-init.o)
                              c:/programywlasneoficjalnyfolder/cubeide/cubeideprogram/stm32cubeide_1.9.0/stm32cubeide/plugins/com.st.stm32cube.ide.mcu.externaltools.gnu-tools-for-stm32.10.3-2021.10.win32_1.0.0.202111181127/tools/bin/../lib/gcc/arm-none-eabi/10.3.1/../../../../arm-none-eabi/lib/thumb/v7e-m+fp/hard/crt0.o (__libc_init_array)
c:/programywlasneoficjalnyfolder/cubeide/cubeideprogram/stm32cubeide_1.9.0/stm32cubeide/plugins/com.st.stm32cube.ide.mcu.externaltools.gnu-tools-for-stm32.10.3-2021.10.win32_1.0.0.202111181127/tools/bin/../lib/gcc/arm-none-eabi/10.3.1/../../../../arm-none-eabi/lib/thumb/v7e-m+fp/hard\libc_nano.a(lib_a-itoa.o)
                              ./Core/Src/main.o (itoa)
c:/programywlasneoficjalnyfolder/cubeide/cubeideprogram/stm32cubeide_1.9.0/stm32cubeide/plugins/com.st.stm32cube.ide.mcu.externaltools.gnu-tools-for-stm32.10.3-2021.10.win32_1.0.0.202111181127/tools/bin/../lib/gcc/arm-none-eabi/10.3.1/../../../../arm-none-eabi/lib/thumb/v7e-m+fp/hard\libc_nano.a(lib_a-memcpy-stub.o)
                              ./Core/Src/main.o (memcpy)
c:/programywlasneoficjalnyfolder/cubeide/cubeideprogram/stm32cubeide_1.9.0/stm32cubeide/plugins/com.st.stm32cube.ide.mcu.externaltools.gnu-tools-for-stm32.10.3-2021.10.win32_1.0.0.202111181127/tools/bin/../lib/gcc/arm-none-eabi/10.3.1/../../../../arm-none-eabi/lib/thumb/v7e-m+fp/hard\libc_nano.a(lib_a-memset.o)
                              c:/programywlasneoficjalnyfolder/cubeide/cubeideprogram/stm32cubeide_1.9.0/stm32cubeide/plugins/com.st.stm32cube.ide.mcu.externaltools.gnu-tools-for-stm32.10.3-2021.10.win32_1.0.0.202111181127/tools/bin/../lib/gcc/arm-none-eabi/10.3.1/../../../../arm-none-eabi/lib/thumb/v7e-m+fp/hard/crt0.o (memset)
c:/programywlasneoficjalnyfolder/cubeide/cubeideprogram/stm32cubeide_1.9.0/stm32cubeide/plugins/com.st.stm32cube.ide.mcu.externaltools.gnu-tools-for-stm32.10.3-2021.10.win32_1.0.0.202111181127/tools/bin/../lib/gcc/arm-none-eabi/10.3.1/../../../../arm-none-eabi/lib/thumb/v7e-m+fp/hard\libc_nano.a(lib_a-strncmp.o)
                              ./Core/Src/main.o (strncmp)
c:/programywlasneoficjalnyfolder/cubeide/cubeideprogram/stm32cubeide_1.9.0/stm32cubeide/plugins/com.st.stm32cube.ide.mcu.externaltools.gnu-tools-for-stm32.10.3-2021.10.win32_1.0.0.202111181127/tools/bin/../lib/gcc/arm-none-eabi/10.3.1/../../../../arm-none-eabi/lib/thumb/v7e-m+fp/hard\libc_nano.a(lib_a-strtol.o)
[...]
Memory Configuration

Name             Origin             Length             Attributes
CCMRAM           0x0000000010000000 0x0000000000004000 xrw
RAM              0x0000000020000000 0x0000000000010000 xrw
FLASH            0x0000000008000000 0x0000000000080000 xr
*default*        0x0000000000000000 0xffffffffffffffff

Linker script and memory map

LOAD c:/programywlasneoficjalnyfolder/cubeide/cubeideprogram/stm32cubeide_1.9.0/stm32cubeide/plugins/com.st.stm32cube.ide.mcu.externaltools.gnu-tools-for-stm32.10.3-2021.10.win32_1.0.0.202111181127/tools/bin/../lib/gcc/arm-none-eabi/10.3.1/thumb/v7e-m+fp/hard/crti.o
LOAD c:/programywlasneoficjalnyfolder/cubeide/cubeideprogram/stm32cubeide_1.9.0/stm32cubeide/plugins/com.st.stm32cube.ide.mcu.externaltools.gnu-tools-for-stm32.10.3-2021.10.win32_1.0.0.202111181127/tools/bin/../lib/gcc/arm-none-eabi/10.3.1/thumb/v7e-m+fp/hard/crtbegin.o
LOAD c:/programywlasneoficjalnyfolder/cubeide/cubeideprogram/stm32cubeide_1.9.0/stm32cubeide/plugins/com.st.stm32cube.ide.mcu.externaltools.gnu-tools-for-stm32.10.3-2021.10.win32_1.0.0.202111181127/tools/bin/../lib/gcc/arm-none-eabi/10.3.1/../../../../arm-none-eabi/lib/thumb/v7e-m+fp/hard/crt0.o
LOAD ./Core/Src/dac.o
LOAD ./Core/Src/gpio.o
LOAD ./Core/Src/main.o
LOAD ./Core/Src/stm32f3xx_hal_msp.o
LOAD ./Core/Src/stm32f3xx_it.o
LOAD ./Core/Src/syscalls.o
LOAD ./Core/Src/sysmem.o
LOAD ./Core/Src/system_stm32f3xx.o
LOAD ./Core/Src/tim.o
LOAD ./Core/Src/usart.o
LOAD ./Core/Startup/startup_stm32f303retx.o
LOAD ./Drivers/STM32F3xx_HAL_Driver/Src/stm32f3xx_hal.o
LOAD ./Drivers/STM32F3xx_HAL_Driver/Src/stm32f3xx_hal_cortex.o
LOAD ./Drivers/STM32F3xx_HAL_Driver/Src/stm32f3xx_hal_dac.o
LOAD ./Drivers/STM32F3xx_HAL_Driver/Src/stm32f3xx_hal_dac_ex.o
LOAD ./Drivers/STM32F3xx_HAL_Driver/Src/stm32f3xx_hal_dma.o
LOAD ./Drivers/STM32F3xx_HAL_Driver/Src/stm32f3xx_hal_exti.o
LOAD ./Drivers/STM32F3xx_HAL_Driver/Src/stm32f3xx_hal_flash.o
LOAD ./Drivers/STM32F3xx_HAL_Driver/Src/stm32f3xx_hal_flash_ex.o
LOAD ./Drivers/STM32F3xx_HAL_Driver/Src/stm32f3xx_hal_gpio.o
LOAD ./Drivers/STM32F3xx_HAL_Driver/Src/stm32f3xx_hal_i2c.o
LOAD ./Drivers/STM32F3xx_HAL_Driver/Src/stm32f3xx_hal_i2c_ex.o
LOAD ./Drivers/STM32F3xx_HAL_Driver/Src/stm32f3xx_hal_pwr.o
LOAD ./Drivers/STM32F3xx_HAL_Driver/Src/stm32f3xx_hal_pwr_ex.o
LOAD ./Drivers/STM32F3xx_HAL_Driver/Src/stm32f3xx_hal_rcc.o
LOAD ./Drivers/STM32F3xx_HAL_Driver/Src/stm32f3xx_hal_rcc_ex.o
LOAD ./Drivers/STM32F3xx_HAL_Driver/Src/stm32f3xx_hal_tim.o
LOAD ./Drivers/STM32F3xx_HAL_Driver/Src/stm32f3xx_hal_tim_ex.o
LOAD ./Drivers/STM32F3xx_HAL_Driver/Src/stm32f3xx_hal_uart.o
LOAD ./Drivers/STM32F3xx_HAL_Driver/Src/stm32f3xx_hal_uart_ex.o
START GROUP
LOAD c:/programywlasneoficjalnyfolder/cubeide/cubeideprogram/stm32cubeide_1.9.0/stm32cubeide/plugins/com.st.stm32cube.ide.mcu.externaltools.gnu-tools-for-stm32.10.3-2021.10.win32_1.0.0.202111181127/tools/bin/../lib/gcc/arm-none-eabi/10.3.1/../../../../arm-none-eabi/lib/thumb/v7e-m+fp/hard\libc_nano.a
LOAD c:/programywlasneoficjalnyfolder/cubeide/cubeideprogram/stm32cubeide_1.9.0/stm32cubeide/plugins/com.st.stm32cube.ide.mcu.externaltools.gnu-tools-for-stm32.10.3-2021.10.win32_1.0.0.202111181127/tools/bin/../lib/gcc/arm-none-eabi/10.3.1/../../../../arm-none-eabi/lib/thumb/v7e-m+fp/hard\libm.a
END GROUP
START GROUP
LOAD c:/programywlasneoficjalnyfolder/cubeide/cubeideprogram/stm32cubeide_1.9.0/stm32cubeide/plugins/com.st.stm32cube.ide.mcu.externaltools.gnu-tools-for-stm32.10.3-2021.10.win32_1.0.0.202111181127/tools/bin/../lib/gcc/arm-none-eabi/10.3.1/thumb/v7e-m+fp/hard\libgcc.a
LOAD c:/programywlasneoficjalnyfolder/cubeide/cubeideprogram/stm32cubeide_1.9.0/stm32cubeide/plugins/com.st.stm32cube.ide.mcu.externaltools.gnu-tools-for-stm32.10.3-2021.10.win32_1.0.0.202111181127/tools/bin/../lib/gcc/arm-none-eabi/10.3.1/../../../../arm-none-eabi/lib/thumb/v7e-m+fp/hard\libc_nano.a
END GROUP
START GROUP
LOAD c:/programywlasneoficjalnyfolder/cubeide/cubeideprogram/stm32cubeide_1.9.0/stm32cubeide/plugins/com.st.stm32cube.ide.mcu.externaltools.gnu-tools-for-stm32.10.3-2021.10.win32_1.0.0.202111181127/tools/bin/../lib/gcc/arm-none-eabi/10.3.1/thumb/v7e-m+fp/hard\libgcc.a
LOAD c:/programywlasneoficjalnyfolder/cubeide/cubeideprogram/stm32cubeide_1.9.0/stm32cubeide/plugins/com.st.stm32cube.ide.mcu.externaltools.gnu-tools-for-stm32.10.3-2021.10.win32_1.0.0.202111181127/tools/bin/../lib/gcc/arm-none-eabi/10.3.1/../../../../arm-none-eabi/lib/thumb/v7e-m+fp/hard\libc_nano.a
LOAD c:/programywlasneoficjalnyfolder/cubeide/cubeideprogram/stm32cubeide_1.9.0/stm32cubeide/plugins/com.st.stm32cube.ide.mcu.externaltools.gnu-tools-for-stm32.10.3-2021.10.win32_1.0.0.202111181127/tools/bin/../lib/gcc/arm-none-eabi/10.3.1/../../../../arm-none-eabi/lib/thumb/v7e-m+fp/hard\libnosys.a
END GROUP
START GROUP
LOAD c:/programywlasneoficjalnyfolder/cubeide/cubeideprogram/stm32cubeide_1.9.0/stm32cubeide/plugins/com.st.stm32cube.ide.mcu.externaltools.gnu-tools-for-stm32.10.3-2021.10.win32_1.0.0.202111181127/tools/bin/../lib/gcc/arm-none-eabi/10.3.1/thumb/v7e-m+fp/hard\libgcc.a
LOAD c:/programywlasneoficjalnyfolder/cubeide/cubeideprogram/stm32cubeide_1.9.0/stm32cubeide/plugins/com.st.stm32cube.ide.mcu.externaltools.gnu-tools-for-stm32.10.3-2021.10.win32_1.0.0.202111181127/tools/bin/../lib/gcc/arm-none-eabi/10.3.1/../../../../arm-none-eabi/lib/thumb/v7e-m+fp/hard\libc_nano.a
LOAD c:/programywlasneoficjalnyfolder/cubeide/cubeideprogram/stm32cubeide_1.9.0/stm32cubeide/plugins/com.st.stm32cube.ide.mcu.externaltools.gnu-tools-for-stm32.10.3-2021.10.win32_1.0.0.202111181127/tools/bin/../lib/gcc/arm-none-eabi/10.3.1/../../../../arm-none-eabi/lib/thumb/v7e-m+fp/hard\libnosys.a
END GROUP
LOAD c:/programywlasneoficjalnyfolder/cubeide/cubeideprogram/stm32cubeide_1.9.0/stm32cubeide/plugins/com.st.stm32cube.ide.mcu.externaltools.gnu-tools-for-stm32.10.3-2021.10.win32_1.0.0.202111181127/tools/bin/../lib/gcc/arm-none-eabi/10.3.1/thumb/v7e-m+fp/hard/crtend.o
LOAD c:/programywlasneoficjalnyfolder/cubeide/cubeideprogram/stm32cubeide_1.9.0/stm32cubeide/plugins/com.st.stm32cube.ide.mcu.externaltools.gnu-tools-for-stm32.10.3-2021.10.win32_1.0.0.202111181127/tools/bin/../lib/gcc/arm-none-eabi/10.3.1/thumb/v7e-m+fp/hard/crtn.o
                0x0000000020010000                _estack = (ORIGIN (RAM) + LENGTH (RAM))
                0x0000000000000200                _Min_Heap_Size = 0x200
                0x0000000000000400                _Min_Stack_Size = 0x400

.isr_vector     0x0000000008000000      0x194
                0x0000000008000000                . = ALIGN (0x4)
 *(.isr_vector)
 .isr_vector    0x0000000008000000      0x194 ./Core/Startup/startup_stm32f303retx.o
                0x0000000008000000                g_pfnVectors
                0x0000000008000194                . = ALIGN (0x4)

.text           0x0000000008000194     0x57bc
                0x0000000008000194                . = ALIGN (0x4)
 *(.text)
 .text          0x0000000008000194       0x40 c:/programywlasneoficjalnyfolder/cubeide/cubeideprogram/stm32cubeide_1.9.0/stm32cubeide/plugins/com.st.stm32cube.ide.mcu.externaltools.gnu-tools-for-stm32.10.3-2021.10.win32_1.0.0.202111181127/tools/bin/../lib/gcc/arm-none-eabi/10.3.1/thumb/v7e-m+fp/hard/crtbegin.o
 *(.text*)
 .text.MX_DAC1_Init
                0x00000000080001d4       0x54 ./Core/Src/dac.o
                0x00000000080001d4                MX_DAC1_Init
 .text.HAL_DAC_MspInit
                0x0000000008000228       0x7c ./Core/Src/dac.o
                0x0000000008000228                HAL_DAC_MspInit
 .text.MX_GPIO_Init
                0x00000000080002a4       0xd0 ./Core/Src/gpio.o
                0x00000000080002a4                MX_GPIO_Init
 .text.Set_BLDC_Direction
                0x0000000008000374       0x3c ./Core/Src/main.o
 .text.Set_DAC_Value
                0x00000000080003b0       0x20 ./Core/Src/main.o
 .text.Uart_Parse_Command
                0x00000000080003d0       0xf0 ./Core/Src/main.o
 .text.Uart_StartsWith
                0x00000000080004c0       0x2a ./Core/Src/main.o
 *fill*         0x00000000080004ea        0x2 
 .text.main     0x00000000080004ec       0x6c ./Core/Src/main.o
                0x00000000080004ec                main
 .text.SystemClock_Config
                0x0000000008000558       0xd0 ./Core/Src/main.o
                0x0000000008000558                SystemClock_Config
 .text.HAL_TIM_IC_CaptureCallback
                0x0000000008000628       0x30 ./Core/Src/main.o
                0x0000000008000628                HAL_TIM_IC_CaptureCallback
 .text.HAL_TIM_PeriodElapsedCallback
                0x0000000008000658       0x9c ./Core/Src/main.o
                0x0000000008000658                HAL_TIM_PeriodElapsedCallback
 .text.HAL_UART_RxCpltCallback
                0x00000000080006f4       0x78 ./Core/Src/main.o
                0x00000000080006f4                HAL_UART_RxCpltCallback
 .text.Error_Handler
                0x000000000800076c        0xa ./Core/Src/main.o
                0x000000000800076c                Error_Handler
 *fill*         0x0000000008000776        0x2 
 .text.HAL_MspInit
                0x0000000008000778       0x48 ./Core/Src/stm32f3xx_hal_msp.o
                0x0000000008000778                HAL_MspInit
 .text.NMI_Handler
                0x00000000080007c0        0x6 ./Core/Src/stm32f3xx_it.o
                0x00000000080007c0                NMI_Handler
 .text.HardFault_Handler
                0x00000000080007c6        0x6 ./Core/Src/stm32f3xx_it.o
                0x00000000080007c6                HardFault_Handler
 .text.MemManage_Handler
                0x00000000080007cc        0x6 ./Core/Src/stm32f3xx_it.o
                0x00000000080007cc                MemManage_Handler
 .text.BusFault_Handler
                0x00000000080007d2        0x6 ./Core/Src/stm32f3xx_it.o
                0x00000000080007d2                BusFault_Handler
 .text.UsageFault_Handler
                0x00000000080007d8        0x6 ./Core/Src/stm32f3xx_it.o
                0x00000000080007d8                UsageFault_Handler
 .text.SVC_Handler
                0x00000000080007de        0xe ./Core/Src/stm32f3xx_it.o
                0x00000000080007de                SVC_Handler
 .text.DebugMon_Handler
                0x00000000080007ec        0xe ./Core/Src/stm32f3xx_it.o
                0x00000000080007ec                DebugMon_Handler
 .text.PendSV_Handler
                0x00000000080007fa        0xe ./Core/Src/stm32f3xx_it.o
                0x00000000080007fa                PendSV_Handler
 .text.SysTick_Handler
                0x0000000008000808        0xc ./Core/Src/stm32f3xx_it.o
                0x0000000008000808                SysTick_Handler
 .text.TIM1_UP_TIM16_IRQHandler
                0x0000000008000814       0x1c ./Core/Src/stm32f3xx_it.o
                0x0000000008000814                TIM1_UP_TIM16_IRQHandler
 .text.TIM1_TRG_COM_TIM17_IRQHandler
                0x0000000008000830       0x1c ./Core/Src/stm32f3xx_it.o
                0x0000000008000830                TIM1_TRG_COM_TIM17_IRQHandler
 .text.USART2_IRQHandler
                0x000000000800084c       0x14 ./Core/Src/stm32f3xx_it.o
                0x000000000800084c                USART2_IRQHandler
 .text.USART3_IRQHandler
                0x0000000008000860       0x14 ./Core/Src/stm32f3xx_it.o
                0x0000000008000860                USART3_IRQHandler
 .text.SystemInit
                0x0000000008000874       0x24 ./Core/Src/system_stm32f3xx.o
                0x0000000008000874                SystemInit
 .text.MX_TIM1_Init
                0x0000000008000898       0xa8 ./Core/Src/tim.o
                0x0000000008000898                MX_TIM1_Init
 .text.MX_TIM16_Init
                0x0000000008000940       0x94 ./Core/Src/tim.o
                0x0000000008000940                MX_TIM16_Init
 .text.MX_TIM17_Init
                0x00000000080009d4       0x50 ./Core/Src/tim.o
                0x00000000080009d4                MX_TIM17_Init
 .text.HAL_TIM_Base_MspInit
                0x0000000008000a24      0x118 ./Core/Src/tim.o
                0x0000000008000a24                HAL_TIM_Base_MspInit
 .text.MX_USART2_UART_Init
                0x0000000008000b3c       0x60 ./Core/Src/usart.o
                0x0000000008000b3c                MX_USART2_UART_Init
 .text.MX_USART3_UART_Init
                0x0000000008000b9c       0x60 ./Core/Src/usart.o
                0x0000000008000b9c                MX_USART3_UART_Init
 .text.HAL_UART_MspInit
                0x0000000008000bfc      0x10c ./Core/Src/usart.o
                0x0000000008000bfc                HAL_UART_MspInit
 .text.Reset_Handler
                0x0000000008000d08       0x50 ./Core/Startup/startup_stm32f303retx.o
                0x0000000008000d08                Reset_Handler
 .text.Default_Handler
                0x0000000008000d58        0x2 ./Core/Startup/startup_stm32f303retx.o
                0x0000000008000d58                RTC_Alarm_IRQHandler
                0x0000000008000d58                TIM8_TRG_COM_IRQHandler
                0x0000000008000d58                TIM8_CC_IRQHandler
                0x0000000008000d58                SPI4_IRQHandler
                0x0000000008000d58                TIM1_CC_IRQHandler
                0x0000000008000d58                USB_HP_IRQHandler
                0x0000000008000d58                PVD_IRQHandler
                0x0000000008000d58                TAMP_STAMP_IRQHandler
                0x0000000008000d58                EXTI3_IRQHandler
                0x0000000008000d58                I2C3_ER_IRQHandler
                0x0000000008000d58                USB_HP_CAN_TX_IRQHandler
                0x0000000008000d58                EXTI0_IRQHandler
                0x0000000008000d58                I2C2_EV_IRQHandler
                0x0000000008000d58                FPU_IRQHandler
                0x0000000008000d58                ADC1_2_IRQHandler
                0x0000000008000d58                SPI1_IRQHandler
                0x0000000008000d58                CAN_SCE_IRQHandler
                0x0000000008000d58                TIM6_DAC_IRQHandler
                0x0000000008000d58                TIM8_UP_IRQHandler
                0x0000000008000d58                DMA2_Channel2_IRQHandler
                0x0000000008000d58                DMA1_Channel4_IRQHandler
                0x0000000008000d58                TIM20_TRG_COM_IRQHandler
                0x0000000008000d58                DMA1_Channel7_IRQHandler
                0x0000000008000d58                UART5_IRQHandler
                0x0000000008000d58                ADC3_IRQHandler
                0x0000000008000d58                TIM4_IRQHandler
                0x0000000008000d58                CAN_RX1_IRQHandler
                0x0000000008000d58                DMA2_Channel1_IRQHandler
                0x0000000008000d58                I2C1_EV_IRQHandler
                0x0000000008000d58                DMA1_Channel6_IRQHandler
                0x0000000008000d58                UART4_IRQHandler
                0x0000000008000d58                DMA2_Channel4_IRQHandler
                0x0000000008000d58                TIM3_IRQHandler
                0x0000000008000d58                RCC_IRQHandler
                0x0000000008000d58                TIM20_UP_IRQHandler
                0x0000000008000d58                DMA1_Channel1_IRQHandler
                0x0000000008000d58                Default_Handler
                0x0000000008000d58                USBWakeUp_RMP_IRQHandler
                0x0000000008000d58                EXTI15_10_IRQHandler
                0x0000000008000d58                TIM7_IRQHandler
                0x0000000008000d58                I2C3_EV_IRQHandler
                0x0000000008000d58                EXTI9_5_IRQHandler
                0x0000000008000d58                RTC_WKUP_IRQHandler
                0x0000000008000d58                SPI2_IRQHandler
                0x0000000008000d58                USB_LP_CAN_RX0_IRQHandler
                0x0000000008000d58                DMA2_Channel5_IRQHandler
                0x0000000008000d58                DMA1_Channel5_IRQHandler
                0x0000000008000d58                USB_LP_IRQHandler
                0x0000000008000d58                EXTI4_IRQHandler
                0x0000000008000d58                DMA1_Channel3_IRQHandler
                0x0000000008000d58                ADC4_IRQHandler
                0x0000000008000d58                WWDG_IRQHandler
                0x0000000008000d58                TIM2_IRQHandler
                0x0000000008000d58                COMP7_IRQHandler
                0x0000000008000d58                COMP1_2_3_IRQHandler
                0x0000000008000d58                EXTI1_IRQHandler
                0x0000000008000d58                COMP4_5_6_IRQHandler
                0x0000000008000d58                TIM20_BRK_IRQHandler
                0x0000000008000d58                I2C2_ER_IRQHandler
                0x0000000008000d58                DMA1_Channel2_IRQHandler
                0x0000000008000d58                TIM8_BRK_IRQHandler
                0x0000000008000d58                FLASH_IRQHandler
                0x0000000008000d58                TIM20_CC_IRQHandler
                0x0000000008000d58                USART1_IRQHandler
                0x0000000008000d58                SPI3_IRQHandler
                0x0000000008000d58                I2C1_ER_IRQHandler
                0x0000000008000d58                FMC_IRQHandler
                0x0000000008000d58                USBWakeUp_IRQHandler
                0x0000000008000d58                DMA2_Channel3_IRQHandler
                0x0000000008000d58                EXTI2_TSC_IRQHandler
                0x0000000008000d58                TIM1_BRK_TIM15_IRQHandler
 *fill*         0x0000000008000d5a        0x2 
 .text.HAL_Init
                0x0000000008000d5c       0x2c ./Drivers/STM32F3xx_HAL_Driver/Src/stm32f3xx_hal.o
                0x0000000008000d5c                HAL_Init
 .text.HAL_InitTick
                0x0000000008000d88       0x60 ./Drivers/STM32F3xx_HAL_Driver/Src/stm32f3xx_hal.o
                0x0000000008000d88                HAL_InitTick
 .text.HAL_IncTick
                0x0000000008000de8       0x28 ./Drivers/STM32F3xx_HAL_Driver/Src/stm32f3xx_hal.o
                0x0000000008000de8                HAL_IncTick
 .text.HAL_GetTick
                0x0000000008000e10       0x18 ./Drivers/STM32F3xx_HAL_Driver/Src/stm32f3xx_hal.o
                0x0000000008000e10                HAL_GetTick
 .text.__NVIC_SetPriorityGrouping
                0x0000000008000e28       0x48 ./Drivers/STM32F3xx_HAL_Driver/Src/stm32f3xx_hal_cortex.o
 .text.__NVIC_GetPriorityGrouping
                0x0000000008000e70       0x1c ./Drivers/STM32F3xx_HAL_Driver/Src/stm32f3xx_hal_cortex.o
 .text.__NVIC_EnableIRQ
                0x0000000008000e8c       0x3c ./Drivers/STM32F3xx_HAL_Driver/Src/stm32f3xx_hal_cortex.o
 .text.__NVIC_SetPriority
                0x0000000008000ec8       0x54 ./Drivers/STM32F3xx_HAL_Driver/Src/stm32f3xx_hal_cortex.o
 .text.NVIC_EncodePriority
                0x0000000008000f1c       0x66 ./Drivers/STM32F3xx_HAL_Driver/Src/stm32f3xx_hal_cortex.o
 *fill*         0x0000000008000f82        0x2 
 .text.SysTick_Config
                0x0000000008000f84       0x44 ./Drivers/STM32F3xx_HAL_Driver/Src/stm32f3xx_hal_cortex.o
 .text.HAL_NVIC_SetPriorityGrouping
                0x0000000008000fc8       0x16 ./Drivers/STM32F3xx_HAL_Driver/Src/stm32f3xx_hal_cortex.o
                0x0000000008000fc8                HAL_NVIC_SetPriorityGrouping
 .text.HAL_NVIC_SetPriority
                0x0000000008000fde       0x38 ./Drivers/STM32F3xx_HAL_Driver/Src/stm32f3xx_hal_cortex.o
                0x0000000008000fde                HAL_NVIC_SetPriority
 .text.HAL_NVIC_EnableIRQ
                0x0000000008001016       0x1c ./Drivers/STM32F3xx_HAL_Driver/Src/stm32f3xx_hal_cortex.o
                0x0000000008001016                HAL_NVIC_EnableIRQ
 .text.HAL_SYSTICK_Config
                0x0000000008001032       0x18 ./Drivers/STM32F3xx_HAL_Driver/Src/stm32f3xx_hal_cortex.o
                0x0000000008001032                HAL_SYSTICK_Config
 .text.HAL_DAC_Init
                0x000000000800104a       0x44 ./Drivers/STM32F3xx_HAL_Driver/Src/stm32f3xx_hal_dac.o
                0x000000000800104a                HAL_DAC_Init
 .text.HAL_DAC_SetValue
                0x000000000800108e       0x4a ./Drivers/STM32F3xx_HAL_Driver/Src/stm32f3xx_hal_dac_ex.o
                0x000000000800108e                HAL_DAC_SetValue
 .text.HAL_DAC_Start
                0x00000000080010d8       0x96 ./Drivers/STM32F3xx_HAL_Driver/Src/stm32f3xx_hal_dac_ex.o
                0x00000000080010d8                HAL_DAC_Start
 .text.HAL_DAC_ConfigChannel
                0x000000000800116e       0x9a ./Drivers/STM32F3xx_HAL_Driver/Src/stm32f3xx_hal_dac_ex.o
                0x000000000800116e                HAL_DAC_ConfigChannel
 .text.HAL_DMA_Abort
                0x0000000008001208       0x72 ./Drivers/STM32F3xx_HAL_Driver/Src/stm32f3xx_hal_dma.o
                0x0000000008001208                HAL_DMA_Abort
 .text.HAL_DMA_Abort_IT
                0x000000000800127a       0x7c ./Drivers/STM32F3xx_HAL_Driver/Src/stm32f3xx_hal_dma.o
                0x000000000800127a                HAL_DMA_Abort_IT
 *fill*         0x00000000080012f6        0x2 
 .text.HAL_GPIO_Init
                0x00000000080012f8      0x314 ./Drivers/STM32F3xx_HAL_Driver/Src/stm32f3xx_hal_gpio.o
                0x00000000080012f8                HAL_GPIO_Init
 .text.HAL_GPIO_WritePin
                0x000000000800160c       0x30 ./Drivers/STM32F3xx_HAL_Driver/Src/stm32f3xx_hal_gpio.o
                0x000000000800160c                HAL_GPIO_WritePin
 .text.HAL_RCC_OscConfig
                0x000000000800163c     0x10a8 ./Drivers/STM32F3xx_HAL_Driver/Src/stm32f3xx_hal_rcc.o
                0x000000000800163c                HAL_RCC_OscConfig
 .text.HAL_RCC_ClockConfig
                0x00000000080026e4      0x2f8 ./Drivers/STM32F3xx_HAL_Driver/Src/stm32f3xx_hal_rcc.o
                0x00000000080026e4                HAL_RCC_ClockConfig
 .text.HAL_RCC_GetSysClockFreq
                0x00000000080029dc       0xd4 ./Drivers/STM32F3xx_HAL_Driver/Src/stm32f3xx_hal_rcc.o
                0x00000000080029dc                HAL_RCC_GetSysClockFreq
 .text.HAL_RCC_GetHCLKFreq
                0x0000000008002ab0       0x18 ./Drivers/STM32F3xx_HAL_Driver/Src/stm32f3xx_hal_rcc.o
                0x0000000008002ab0                HAL_RCC_GetHCLKFreq
 .text.HAL_RCC_GetPCLK1Freq
                0x0000000008002ac8       0x44 ./Drivers/STM32F3xx_HAL_Driver/Src/stm32f3xx_hal_rcc.o
                0x0000000008002ac8                HAL_RCC_GetPCLK1Freq
 .text.HAL_RCC_GetPCLK2Freq
                0x0000000008002b0c       0x44 ./Drivers/STM32F3xx_HAL_Driver/Src/stm32f3xx_hal_rcc.o
                0x0000000008002b0c                HAL_RCC_GetPCLK2Freq
 .text.HAL_RCCEx_PeriphCLKConfig
                0x0000000008002b50      0x43c ./Drivers/STM32F3xx_HAL_Driver/Src/stm32f3xx_hal_rcc_ex.o
                0x0000000008002b50                HAL_RCCEx_PeriphCLKConfig
 .text.HAL_TIM_Base_Init
                0x0000000008002f8c       0xae ./Drivers/STM32F3xx_HAL_Driver/Src/stm32f3xx_hal_tim.o
                0x0000000008002f8c                HAL_TIM_Base_Init
 *fill*         0x000000000800303a        0x2 
 .text.HAL_TIM_Base_Start_IT
                0x000000000800303c       0xe0 ./Drivers/STM32F3xx_HAL_Driver/Src/stm32f3xx_hal_tim.o
                0x000000000800303c                HAL_TIM_Base_Start_IT
 .text.HAL_TIM_IC_Init
                0x000000000800311c       0xae ./Drivers/STM32F3xx_HAL_Driver/Src/stm32f3xx_hal_tim.o
                0x000000000800311c                HAL_TIM_IC_Init
 .text.HAL_TIM_IC_MspInit
                0x00000000080031ca       0x14 ./Drivers/STM32F3xx_HAL_Driver/Src/stm32f3xx_hal_tim.o
                0x00000000080031ca                HAL_TIM_IC_MspInit
 *fill*         0x00000000080031de        0x2 
 .text.HAL_TIM_IC_Start_IT
                0x00000000080031e0      0x294 ./Drivers/STM32F3xx_HAL_Driver/Src/stm32f3xx_hal_tim.o
                0x00000000080031e0                HAL_TIM_IC_Start_IT
 .text.HAL_TIM_IRQHandler
                0x0000000008003474      0x23e ./Drivers/STM32F3xx_HAL_Driver/Src/stm32f3xx_hal_tim.o
                0x0000000008003474                HAL_TIM_IRQHandler
 .text.HAL_TIM_IC_ConfigChannel
                0x00000000080036b2      0x138 ./Drivers/STM32F3xx_HAL_Driver/Src/stm32f3xx_hal_tim.o
                0x00000000080036b2                HAL_TIM_IC_ConfigChannel
 .text.HAL_TIM_ConfigClockSource
                0x00000000080037ea      0x192 ./Drivers/STM32F3xx_HAL_Driver/Src/stm32f3xx_hal_tim.o
                0x00000000080037ea                HAL_TIM_ConfigClockSource
 .text.HAL_TIM_OC_DelayElapsedCallback
                0x000000000800397c       0x14 ./Drivers/STM32F3xx_HAL_Driver/Src/stm32f3xx_hal_tim.o
                0x000000000800397c                HAL_TIM_OC_DelayElapsedCallback
 .text.HAL_TIM_PWM_PulseFinishedCallback
                0x0000000008003990       0x14 ./Drivers/STM32F3xx_HAL_Driver/Src/stm32f3xx_hal_tim.o
                0x0000000008003990                HAL_TIM_PWM_PulseFinishedCallback
 .text.HAL_TIM_TriggerCallback
                0x00000000080039a4       0x14 ./Drivers/STM32F3xx_HAL_Driver/Src/stm32f3xx_hal_tim.o
                0x00000000080039a4                HAL_TIM_TriggerCallback
 .text.TIM_Base_SetConfig
                0x00000000080039b8      0x13c ./Drivers/STM32F3xx_HAL_Driver/Src/stm32f3xx_hal_tim.o
                0x00000000080039b8                TIM_Base_SetConfig
 .text.TIM_TI1_SetConfig
                0x0000000008003af4       0xdc ./Drivers/STM32F3xx_HAL_Driver/Src/stm32f3xx_hal_tim.o
                0x0000000008003af4                TIM_TI1_SetConfig
 .text.TIM_TI1_ConfigInputStage
                0x0000000008003bd0       0x5e ./Drivers/STM32F3xx_HAL_Driver/Src/stm32f3xx_hal_tim.o
 .text.TIM_TI2_SetConfig
                0x0000000008003c2e       0x7a ./Drivers/STM32F3xx_HAL_Driver/Src/stm32f3xx_hal_tim.o
 .text.TIM_TI2_ConfigInputStage
                0x0000000008003ca8       0x60 ./Drivers/STM32F3xx_HAL_Driver/Src/stm32f3xx_hal_tim.o
 .text.TIM_TI3_SetConfig
                0x0000000008003d08       0x78 ./Drivers/STM32F3xx_HAL_Driver/Src/stm32f3xx_hal_tim.o
 .text.TIM_TI4_SetConfig
                0x0000000008003d80       0x7a ./Drivers/STM32F3xx_HAL_Driver/Src/stm32f3xx_hal_tim.o
 .text.TIM_ITRx_SetConfig
                0x0000000008003dfa       0x36 ./Drivers/STM32F3xx_HAL_Driver/Src/stm32f3xx_hal_tim.o
 .text.TIM_ETR_SetConfig
                0x0000000008003e30       0x40 ./Drivers/STM32F3xx_HAL_Driver/Src/stm32f3xx_hal_tim.o
                0x0000000008003e30                TIM_ETR_SetConfig
 .text.TIM_CCxChannelCmd
                0x0000000008003e70       0x4a ./Drivers/STM32F3xx_HAL_Driver/Src/stm32f3xx_hal_tim.o
                0x0000000008003e70                TIM_CCxChannelCmd
 *fill*         0x0000000008003eba        0x2 
 .text.HAL_TIMEx_MasterConfigSynchronization
                0x0000000008003ebc      0x118 ./Drivers/STM32F3xx_HAL_Driver/Src/stm32f3xx_hal_tim_ex.o
                0x0000000008003ebc                HAL_TIMEx_MasterConfigSynchronization
 .text.HAL_TIMEx_CommutCallback
                0x0000000008003fd4       0x14 ./Drivers/STM32F3xx_HAL_Driver/Src/stm32f3xx_hal_tim_ex.o
                0x0000000008003fd4                HAL_TIMEx_CommutCallback
 .text.HAL_TIMEx_BreakCallback
                0x0000000008003fe8       0x14 ./Drivers/STM32F3xx_HAL_Driver/Src/stm32f3xx_hal_tim_ex.o
                0x0000000008003fe8                HAL_TIMEx_BreakCallback
 .text.HAL_TIMEx_Break2Callback
                0x0000000008003ffc       0x14 ./Drivers/STM32F3xx_HAL_Driver/Src/stm32f3xx_hal_tim_ex.o
                0x0000000008003ffc                HAL_TIMEx_Break2Callback
 .text.HAL_UART_Init
                0x0000000008004010       0x9c ./Drivers/STM32F3xx_HAL_Driver/Src/stm32f3xx_hal_uart.o
                0x0000000008004010                HAL_UART_Init
 .text.HAL_UART_Transmit_IT
                0x00000000080040ac       0xbc ./Drivers/STM32F3xx_HAL_Driver/Src/stm32f3xx_hal_uart.o
                0x00000000080040ac                HAL_UART_Transmit_IT
 .text.HAL_UART_Receive_IT
                0x0000000008004168       0x88 ./Drivers/STM32F3xx_HAL_Driver/Src/stm32f3xx_hal_uart.o
                0x0000000008004168                HAL_UART_Receive_IT
 .text.HAL_UART_IRQHandler
                0x00000000080041f0      0x5cc ./Drivers/STM32F3xx_HAL_Driver/Src/stm32f3xx_hal_uart.o
                0x00000000080041f0                HAL_UART_IRQHandler
 .text.HAL_UART_TxCpltCallback
                0x00000000080047bc       0x14 ./Drivers/STM32F3xx_HAL_Driver/Src/stm32f3xx_hal_uart.o
                0x00000000080047bc                HAL_UART_TxCpltCallback
 .text.HAL_UART_ErrorCallback
                0x00000000080047d0       0x14 ./Drivers/STM32F3xx_HAL_Driver/Src/stm32f3xx_hal_uart.o
                0x00000000080047d0                HAL_UART_ErrorCallback
 .text.HAL_UARTEx_RxEventCallback
                0x00000000080047e4       0x18 ./Drivers/STM32F3xx_HAL_Driver/Src/stm32f3xx_hal_uart.o
                0x00000000080047e4                HAL_UARTEx_RxEventCallback
 .text.UART_SetConfig
                0x00000000080047fc      0x3a8 ./Drivers/STM32F3xx_HAL_Driver/Src/stm32f3xx_hal_uart.o
                0x00000000080047fc                UART_SetConfig
 .text.UART_AdvFeatureConfig
                0x0000000008004ba4      0x144 ./Drivers/STM32F3xx_HAL_Driver/Src/stm32f3xx_hal_uart.o
                0x0000000008004ba4                UART_AdvFeatureConfig
 .text.UART_CheckIdleState
                0x0000000008004ce8      0x150 ./Drivers/STM32F3xx_HAL_Driver/Src/stm32f3xx_hal_uart.o
                0x0000000008004ce8                UART_CheckIdleState
 .text.UART_WaitOnFlagUntilTimeout
                0x0000000008004e38       0xce ./Drivers/STM32F3xx_HAL_Driver/Src/stm32f3xx_hal_uart.o
                0x0000000008004e38                UART_WaitOnFlagUntilTimeout
 *fill*         0x0000000008004f06        0x2 
 .text.UART_Start_Receive_IT
                0x0000000008004f08      0x18c ./Drivers/STM32F3xx_HAL_Driver/Src/stm32f3xx_hal_uart.o
                0x0000000008004f08                UART_Start_Receive_IT
 .text.UART_EndRxTransfer
                0x0000000008005094       0xc8 ./Drivers/STM32F3xx_HAL_Driver/Src/stm32f3xx_hal_uart.o
 .text.UART_DMAAbortOnError
                0x000000000800515c       0x2c ./Drivers/STM32F3xx_HAL_Driver/Src/stm32f3xx_hal_uart.o
 .text.UART_TxISR_8BIT
                0x0000000008005188       0xb8 ./Drivers/STM32F3xx_HAL_Driver/Src/stm32f3xx_hal_uart.o
 .text.UART_TxISR_16BIT
                0x0000000008005240       0xc0 ./Drivers/STM32F3xx_HAL_Driver/Src/stm32f3xx_hal_uart.o
 .text.UART_EndTransmit_IT
                0x0000000008005300       0x54 ./Drivers/STM32F3xx_HAL_Driver/Src/stm32f3xx_hal_uart.o
 .text.UART_RxISR_8BIT
                0x0000000008005354      0x1a8 ./Drivers/STM32F3xx_HAL_Driver/Src/stm32f3xx_hal_uart.o
 .text.UART_RxISR_16BIT
                0x00000000080054fc      0x1a8 ./Drivers/STM32F3xx_HAL_Driver/Src/stm32f3xx_hal_uart.o
 .text.HAL_UARTEx_WakeupCallback
                0x00000000080056a4       0x14 ./Drivers/STM32F3xx_HAL_Driver/Src/stm32f3xx_hal_uart_ex.o
                0x00000000080056a4                HAL_UARTEx_WakeupCallback
 .text.atoi     0x00000000080056b8        0x8 c:/programywlasneoficjalnyfolder/cubeide/cubeideprogram/stm32cubeide_1.9.0/stm32cubeide/plugins/com.st.stm32cube.ide.mcu.externaltools.gnu-tools-for-stm32.10.3-2021.10.win32_1.0.0.202111181127/tools/bin/../lib/gcc/arm-none-eabi/10.3.1/../../../../arm-none-eabi/lib/thumb/v7e-m+fp/hard\libc_nano.a(lib_a-atoi.o)
                0x00000000080056b8                atoi
 .text.__errno  0x00000000080056c0        0xc c:/programywlasneoficjalnyfolder/cubeide/cubeideprogram/stm32cubeide_1.9.0/stm32cubeide/plugins/com.st.stm32cube.ide.mcu.externaltools.gnu-tools-for-stm32.10.3-2021.10.win32_1.0.0.202111181127/tools/bin/../lib/gcc/arm-none-eabi/10.3.1/../../../../arm-none-eabi/lib/thumb/v7e-m+fp/hard\libc_nano.a(lib_a-errno.o)
                0x00000000080056c0                __errno
 .text.__libc_init_array
                0x00000000080056cc       0x48 c:/programywlasneoficjalnyfolder/cubeide/cubeideprogram/stm32cubeide_1.9.0/stm32cubeide/plugins/com.st.stm32cube.ide.mcu.externaltools.gnu-tools-for-stm32.10.3-2021.10.win32_1.0.0.202111181127/tools/bin/../lib/gcc/arm-none-eabi/10.3.1/../../../../arm-none-eabi/lib/thumb/v7e-m+fp/hard\libc_nano.a(lib_a-init.o)
                0x00000000080056cc                __libc_init_array
 .text.__itoa   0x0000000008005714       0x30 c:/programywlasneoficjalnyfolder/cubeide/cubeideprogram/stm32cubeide_1.9.0/stm32cubeide/plugins/com.st.stm32cube.ide.mcu.externaltools.gnu-tools-for-stm32.10.3-2021.10.win32_1.0.0.202111181127/tools/bin/../lib/gcc/arm-none-eabi/10.3.1/../../../../arm-none-eabi/lib/thumb/v7e-m+fp/hard\libc_nano.a(lib_a-itoa.o)
                0x0000000008005714                __itoa
 .text.itoa     0x0000000008005744        0x4 c:/programywlasneoficjalnyfolder/cubeide/cubeideprogram/stm32cubeide_1.9.0/stm32cubeide/plugins/com.st.stm32cube.ide.mcu.externaltools.gnu-tools-for-stm32.10.3-2021.10.win32_1.0.0.202111181127/tools/bin/../lib/gcc/arm-none-eabi/10.3.1/../../../../arm-none-eabi/lib/thumb/v7e-m+fp/hard\libc_nano.a(lib_a-itoa.o)
                0x0000000008005744                itoa
 .text.memcpy   0x0000000008005748       0x1c c:/programywlasneoficjalnyfolder/cubeide/cubeideprogram/stm32cubeide_1.9.0/stm32cubeide/plugins/com.st.stm32cube.ide.mcu.externaltools.gnu-tools-for-stm32.10.3-2021.10.win32_1.0.0.202111181127/tools/bin/../lib/gcc/arm-none-eabi/10.3.1/../../../../arm-none-eabi/lib/thumb/v7e-m+fp/hard\libc_nano.a(lib_a-memcpy-stub.o)
                0x0000000008005748                memcpy
 .text.memset   0x0000000008005764       0x10 c:/programywlasneoficjalnyfolder/cubeide/cubeideprogram/stm32cubeide_1.9.0/stm32cubeide/plugins/com.st.stm32cube.ide.mcu.externaltools.gnu-tools-for-stm32.10.3-2021.10.win32_1.0.0.202111181127/tools/bin/../lib/gcc/arm-none-eabi/10.3.1/../../../../arm-none-eabi/lib/thumb/v7e-m+fp/hard\libc_nano.a(lib_a-memset.o)
                0x0000000008005764                memset
 .text.strncmp  0x0000000008005774       0x28 c:/programywlasneoficjalnyfolder/cubeide/cubeideprogram/stm32cubeide_1.9.0/stm32cubeide/plugins/com.st.stm32cube.ide.mcu.externaltools.gnu-tools-for-stm32.10.3-2021.10.win32_1.0.0.202111181127/tools/bin/../lib/gcc/arm-none-eabi/10.3.1/../../../../arm-none-eabi/lib/thumb/v7e-m+fp/hard\libc_nano.a(lib_a-strncmp.o)
                0x0000000008005774                strncmp
 .text._strtol_l.constprop.0
                0x000000000800579c      0x104 c:/programywlasneoficjalnyfolder/cubeide/cubeideprogram/stm32cubeide_1.9.0/stm32cubeide/plugins/com.st.stm32cube.ide.mcu.externaltools.gnu-tools-for-stm32.10.3-2021.10.win32_1.0.0.202111181127/tools/bin/../lib/gcc/arm-none-eabi/10.3.1/../../../../arm-none-eabi/lib/thumb/v7e-m+fp/hard\libc_nano.a(lib_a-strtol.o)
 .text.strtol   0x00000000080058a0       0x14 c:/programywlasneoficjalnyfolder/cubeide/cubeideprogram/stm32cubeide_1.9.0/stm32cubeide/plugins/com.st.stm32cube.ide.mcu.externaltools.gnu-tools-for-stm32.10.3-2021.10.win32_1.0.0.202111181127/tools/bin/../lib/gcc/arm-none-eabi/10.3.1/../../../../arm-none-eabi/lib/thumb/v7e-m+fp/hard\libc_nano.a(lib_a-strtol.o)
                0x00000000080058a0                strtol
 .text.__utoa   0x00000000080058b4       0x84 c:/programywlasneoficjalnyfolder/cubeide/cubeideprogram/stm32cubeide_1.9.0/stm32cubeide/plugins/com.st.stm32cube.ide.mcu.externaltools.gnu-tools-for-stm32.10.3-2021.10.win32_1.0.0.202111181127/tools/bin/../lib/gcc/arm-none-eabi/10.3.1/../../../../arm-none-eabi/lib/thumb/v7e-m+fp/hard\libc_nano.a(lib_a-utoa.o)
                0x00000000080058b4                __utoa
 *(.glue_7)
 .glue_7        0x0000000008005938        0x0 linker stubs
 *(.glue_7t)
 .glue_7t       0x0000000008005938        0x0 linker stubs
 *(.eh_frame)
 .eh_frame      0x0000000008005938        0x0 c:/programywlasneoficjalnyfolder/cubeide/cubeideprogram/stm32cubeide_1.9.0/stm32cubeide/plugins/com.st.stm32cube.ide.mcu.externaltools.gnu-tools-for-stm32.10.3-2021.10.win32_1.0.0.202111181127/tools/bin/../lib/gcc/arm-none-eabi/10.3.1/thumb/v7e-m+fp/hard/crtbegin.o
 *(.init)
 .init          0x0000000008005938        0x4 c:/programywlasneoficjalnyfolder/cubeide/cubeideprogram/stm32cubeide_1.9.0/stm32cubeide/plugins/com.st.stm32cube.ide.mcu.externaltools.gnu-tools-for-stm32.10.3-2021.10.win32_1.0.0.202111181127/tools/bin/../lib/gcc/arm-none-eabi/10.3.1/thumb/v7e-m+fp/hard/crti.o
                0x0000000008005938                _init
 .init          0x000000000800593c        0x8 c:/programywlasneoficjalnyfolder/cubeide/cubeideprogram/stm32cubeide_1.9.0/stm32cubeide/plugins/com.st.stm32cube.ide.mcu.externaltools.gnu-tools-for-stm32.10.3-2021.10.win32_1.0.0.202111181127/tools/bin/../lib/gcc/arm-none-eabi/10.3.1/thumb/v7e-m+fp/hard/crtn.o
 *(.fini)
 .fini          0x0000000008005944        0x4 c:/programywlasneoficjalnyfolder/cubeide/cubeideprogram/stm32cubeide_1.9.0/stm32cubeide/plugins/com.st.stm32cube.ide.mcu.externaltools.gnu-tools-for-stm32.10.3-2021.10.win32_1.0.0.202111181127/tools/bin/../lib/gcc/arm-none-eabi/10.3.1/thumb/v7e-m+fp/hard/crti.o
                0x0000000008005944                _fini
 .fini          0x0000000008005948        0x8 c:/programywlasneoficjalnyfolder/cubeide/cubeideprogram/stm32cubeide_1.9.0/stm32cubeide/plugins/com.st.stm32cube.ide.mcu.externaltools.gnu-tools-for-stm32.10.3-2021.10.win32_1.0.0.202111181127/tools/bin/../lib/gcc/arm-none-eabi/10.3.1/thumb/v7e-m+fp/hard/crtn.o
                0x0000000008005950                . = ALIGN (0x4)
                0x0000000008005950                _etext = .

.vfp11_veneer   0x0000000008005950        0x0
 .vfp11_veneer  0x0000000008005950        0x0 linker stubs

.v4_bx          0x0000000008005950        0x0
 .v4_bx         0x0000000008005950        0x0 linker stubs

.iplt           0x0000000008005950        0x0
 .iplt          0x0000000008005950        0x0 c:/programywlasneoficjalnyfolder/cubeide/cubeideprogram/stm32cubeide_1.9.0/stm32cubeide/plugins/com.st.stm32cube.ide.mcu.externaltools.gnu-tools-for-stm32.10.3-2021.10.win32_1.0.0.202111181127/tools/bin/../lib/gcc/arm-none-eabi/10.3.1/thumb/v7e-m+fp/hard/crtbegin.o

.rodata         0x0000000008005950      0x1dc
                0x0000000008005950                . = ALIGN (0x4)
 *(.rodata)
 .rodata        0x0000000008005950       0x7a ./Core/Src/main.o
 *(.rodata*)
 *fill*         0x00000000080059ca        0x2 
 .rodata.AHBPrescTable
                0x00000000080059cc       0x10 ./Core/Src/system_stm32f3xx.o
                0x00000000080059cc                AHBPrescTable
 .rodata.APBPrescTable
                0x00000000080059dc        0x8 ./Core/Src/system_stm32f3xx.o
                0x00000000080059dc                APBPrescTable
 .rodata.aPLLMULFactorTable
                0x00000000080059e4       0x10 ./Drivers/STM32F3xx_HAL_Driver/Src/stm32f3xx_hal_rcc.o
 .rodata.aPredivFactorTable
                0x00000000080059f4       0x10 ./Drivers/STM32F3xx_HAL_Driver/Src/stm32f3xx_hal_rcc.o
 .rodata.__utoa.str1.1
                0x0000000008005a04       0x25 c:/programywlasneoficjalnyfolder/cubeide/cubeideprogram/stm32cubeide_1.9.0/stm32cubeide/plugins/com.st.stm32cube.ide.mcu.externaltools.gnu-tools-for-stm32.10.3-2021.10.win32_1.0.0.202111181127/tools/bin/../lib/gcc/arm-none-eabi/10.3.1/../../../../arm-none-eabi/lib/thumb/v7e-m+fp/hard\libc_nano.a(lib_a-utoa.o)
 .rodata._ctype_
                0x0000000008005a29      0x101 c:/programywlasneoficjalnyfolder/cubeide/cubeideprogram/stm32cubeide_1.9.0/stm32cubeide/plugins/com.st.stm32cube.ide.mcu.externaltools.gnu-tools-for-stm32.10.3-2021.10.win32_1.0.0.202111181127/tools/bin/../lib/gcc/arm-none-eabi/10.3.1/../../../../arm-none-eabi/lib/thumb/v7e-m+fp/hard\libc_nano.a(lib_a-ctype_.o)
                0x0000000008005a29                _ctype_
                0x0000000008005b2c                . = ALIGN (0x4)
 *fill*         0x0000000008005b2a        0x2 

.rel.dyn        0x0000000008005b2c        0x0
 .rel.iplt      0x0000000008005b2c        0x0 c:/programywlasneoficjalnyfolder/cubeide/cubeideprogram/stm32cubeide_1.9.0/stm32cubeide/plugins/com.st.stm32cube.ide.mcu.externaltools.gnu-tools-for-stm32.10.3-2021.10.win32_1.0.0.202111181127/tools/bin/../lib/gcc/arm-none-eabi/10.3.1/thumb/v7e-m+fp/hard/crtbegin.o

.ARM.extab      0x0000000008005b2c        0x0
                0x0000000008005b2c                . = ALIGN (0x4)
 *(.ARM.extab* .gnu.linkonce.armextab.*)
                0x0000000008005b2c                . = ALIGN (0x4)

.ARM            0x0000000008005b2c        0x0
                0x0000000008005b2c                . = ALIGN (0x4)
                0x0000000008005b2c                __exidx_start = .
 *(.ARM.exidx*)
                0x0000000008005b2c                __exidx_end = .
                0x0000000008005b2c                . = ALIGN (0x4)

.preinit_array  0x0000000008005b2c        0x0
                0x0000000008005b2c                . = ALIGN (0x4)
                0x0000000008005b2c                PROVIDE (__preinit_array_start = .)
 *(.preinit_array*)
                0x0000000008005b2c                PROVIDE (__preinit_array_end = .)
                0x0000000008005b2c                . = ALIGN (0x4)

.init_array     0x0000000008005b2c        0x4
                0x0000000008005b2c                . = ALIGN (0x4)
                0x0000000008005b2c                PROVIDE (__init_array_start = .)
 *(SORT_BY_NAME(.init_array.*))
 *(.init_array*)
 .init_array    0x0000000008005b2c        0x4 c:/programywlasneoficjalnyfolder/cubeide/cubeideprogram/stm32cubeide_1.9.0/stm32cubeide/plugins/com.st.stm32cube.ide.mcu.externaltools.gnu-tools-for-stm32.10.3-2021.10.win32_1.0.0.202111181127/tools/bin/../lib/gcc/arm-none-eabi/10.3.1/thumb/v7e-m+fp/hard/crtbegin.o
                0x0000000008005b30                PROVIDE (__init_array_end = .)
                0x0000000008005b30                . = ALIGN (0x4)

.fini_array     0x0000000008005b30        0x4
                0x0000000008005b30                . = ALIGN (0x4)
                [!provide]                        PROVIDE (__fini_array_start = .)
 *(SORT_BY_NAME(.fini_array.*))
 *(.fini_array*)
 .fini_array    0x0000000008005b30        0x4 c:/programywlasneoficjalnyfolder/cubeide/cubeideprogram/stm32cubeide_1.9.0/stm32cubeide/plugins/com.st.stm32cube.ide.mcu.externaltools.gnu-tools-for-stm32.10.3-2021.10.win32_1.0.0.202111181127/tools/bin/../lib/gcc/arm-none-eabi/10.3.1/thumb/v7e-m+fp/hard/crtbegin.o
                [!provide]                        PROVIDE (__fini_array_end = .)
                0x0000000008005b34                . = ALIGN (0x4)
                0x0000000008005b34                _sidata = LOADADDR (.data)

.data           0x0000000020000000       0x70 load address 0x0000000008005b34
                0x0000000020000000                . = ALIGN (0x4)
                0x0000000020000000                _sdata = .
 *(.data)
 *(.data*)
 .data.SystemCoreClock
                0x0000000020000000        0x4 ./Core/Src/system_stm32f3xx.o
                0x0000000020000000                SystemCoreClock
 .data.uwTickPrio
                0x0000000020000004        0x4 ./Drivers/STM32F3xx_HAL_Driver/Src/stm32f3xx_hal.o
                0x0000000020000004                uwTickPrio
 .data.uwTickFreq
                0x0000000020000008        0x1 ./Drivers/STM32F3xx_HAL_Driver/Src/stm32f3xx_hal.o
                0x0000000020000008                uwTickFreq
 *fill*         0x0000000020000009        0x3 
 .data._impure_ptr
                0x000000002000000c        0x4 c:/programywlasneoficjalnyfolder/cubeide/cubeideprogram/stm32cubeide_1.9.0/stm32cubeide/plugins/com.st.stm32cube.ide.mcu.externaltools.gnu-tools-for-stm32.10.3-2021.10.win32_1.0.0.202111181127/tools/bin/../lib/gcc/arm-none-eabi/10.3.1/../../../../arm-none-eabi/lib/thumb/v7e-m+fp/hard\libc_nano.a(lib_a-impure.o)
                0x000000002000000c                _impure_ptr
 .data.impure_data
                0x0000000020000010       0x60 c:/programywlasneoficjalnyfolder/cubeide/cubeideprogram/stm32cubeide_1.9.0/stm32cubeide/plugins/com.st.stm32cube.ide.mcu.externaltools.gnu-tools-for-stm32.10.3-2021.10.win32_1.0.0.202111181127/tools/bin/../lib/gcc/arm-none-eabi/10.3.1/../../../../arm-none-eabi/lib/thumb/v7e-m+fp/hard\libc_nano.a(lib_a-impure.o)
 *(.RamFunc)
 *(.RamFunc*)
                0x0000000020000070                . = ALIGN (0x4)
                0x0000000020000070                _edata = .
                0x0000000008005ba4                _siccmram = LOADADDR (.ccmram)

.igot.plt       0x0000000020000070        0x0 load address 0x0000000008005ba4
 .igot.plt      0x0000000020000070        0x0 c:/programywlasneoficjalnyfolder/cubeide/cubeideprogram/stm32cubeide_1.9.0/stm32cubeide/plugins/com.st.stm32cube.ide.mcu.externaltools.gnu-tools-for-stm32.10.3-2021.10.win32_1.0.0.202111181127/tools/bin/../lib/gcc/arm-none-eabi/10.3.1/thumb/v7e-m+fp/hard/crtbegin.o

.ccmram         0x0000000010000000        0x0 load address 0x0000000008005ba4
                0x0000000010000000                . = ALIGN (0x4)
                0x0000000010000000                _sccmram = .
 *(.ccmram)
 *(.ccmram*)
                0x0000000010000000                . = ALIGN (0x4)
                0x0000000010000000                _eccmram = .
                0x0000000010000000                . = ALIGN (0x4)

.bss            0x0000000020000070      0x298
                0x0000000020000070                _sbss = .
                0x0000000020000070                __bss_start__ = _sbss
 *(.bss)
 .bss           0x0000000020000070       0x1c c:/programywlasneoficjalnyfolder/cubeide/cubeideprogram/stm32cubeide_1.9.0/stm32cubeide/plugins/com.st.stm32cube.ide.mcu.externaltools.gnu-tools-for-stm32.10.3-2021.10.win32_1.0.0.202111181127/tools/bin/../lib/gcc/arm-none-eabi/10.3.1/thumb/v7e-m+fp/hard/crtbegin.o
 *(.bss*)
 .bss.hdac1     0x000000002000008c       0x14 ./Core/Src/dac.o
                0x000000002000008c                hdac1
 .bss.Rising_Edges_Counter
                0x00000000200000a0        0x4 ./Core/Src/main.o
                0x00000000200000a0                Rising_Edges_Counter
 .bss.Uart_Rx_Char
                0x00000000200000a4        0x1 ./Core/Src/main.o
                0x00000000200000a4                Uart_Rx_Char
 *fill*         0x00000000200000a5        0x3 
 .bss.Uart_Rx_Buffer
                0x00000000200000a8       0x32 ./Core/Src/main.o
                0x00000000200000a8                Uart_Rx_Buffer
 .bss.Uart_Rx_Buffer_Counter
                0x00000000200000da        0x1 ./Core/Src/main.o
                0x00000000200000da                Uart_Rx_Buffer_Counter
 *fill*         0x00000000200000db        0x1 
 .bss.Uart_Tx_Buffer
                0x00000000200000dc       0x32 ./Core/Src/main.o
                0x00000000200000dc                Uart_Tx_Buffer
 *fill*         0x000000002000010e        0x2 
 .bss.htim1     0x0000000020000110       0x4c ./Core/Src/tim.o
                0x0000000020000110                htim1
 .bss.htim16    0x000000002000015c       0x4c ./Core/Src/tim.o
                0x000000002000015c                htim16
 .bss.htim17    0x00000000200001a8       0x4c ./Core/Src/tim.o
                0x00000000200001a8                htim17
 .bss.huart2    0x00000000200001f4       0x88 ./Core/Src/usart.o
                0x00000000200001f4                huart2
 .bss.huart3    0x000000002000027c       0x88 ./Core/Src/usart.o
                0x000000002000027c                huart3
 .bss.uwTick    0x0000000020000304        0x4 ./Drivers/STM32F3xx_HAL_Driver/Src/stm32f3xx_hal.o
                0x0000000020000304                uwTick
 *(COMMON)
                0x0000000020000308                . = ALIGN (0x4)
                0x0000000020000308                _ebss = .
                0x0000000020000308                __bss_end__ = _ebss

._user_heap_stack
                0x0000000020000308      0x600
                0x0000000020000308                . = ALIGN (0x8)
                [!provide]                        PROVIDE (end = .)
                0x0000000020000308                PROVIDE (_end = .)
                0x0000000020000508                . = (. + _Min_Heap_Size)
 *fill*         0x0000000020000308      0x200 
                0x0000000020000908                . = (. + _Min_Stack_Size)
 *fill*         0x0000000020000508      0x400 
                0x0000000020000908                . = ALIGN (0x8)

/DISCARD/
 libc.a(*)
 libm.a(*)
 libgcc.a(*)

.ARM.attributes
                0x0000000000000000       0x30
 *(.ARM.attributes)
 .ARM.attributes
                0x0000000000000000       0x1e c:/programywlasneoficjalnyfolder/cubeide/cubeideprogram/stm32cubeide_1.9.0/stm32cubeide/plugins/com.st.stm32cube.ide.mcu.externaltools.gnu-tools-for-stm32.10.3-2021.10.win32_1.0.0.202111181127/tools/bin/../lib/gcc/arm-none-eabi/10.3.1/thumb/v7e-m+fp/hard/crti.o
 .ARM.attributes
                0x000000000000001e       0x34 c:/programywlasneoficjalnyfolder/cubeide/cubeideprogram/stm32cubeide_1.9.0/stm32cubeide/plugins/com.st.stm32cube.ide.mcu.externaltools.gnu-tools-for-stm32.10.3-2021.10.win32_1.0.0.202111181127/tools/bin/../lib/gcc/arm-none-eabi/10.3.1/thumb/v7e-m+fp/hard/crtbegin.o
 .ARM.attributes
                0x0000000000000052       0x34 ./Core/Src/dac.o
 .ARM.attributes
                0x0000000000000086       0x34 ./Core/Src/gpio.o
 .ARM.attributes
                0x00000000000000ba       0x34 ./Core/Src/main.o
 .ARM.attributes
                0x00000000000000ee       0x34 ./Core/Src/stm32f3xx_hal_msp.o
 .ARM.attributes
                0x0000000000000122       0x34 ./Core/Src/stm32f3xx_it.o
 .ARM.attributes
                0x0000000000000156       0x34 ./Core/Src/system_stm32f3xx.o
 .ARM.attributes
                0x000000000000018a       0x34 ./Core/Src/tim.o
 .ARM.attributes
                0x00000000000001be       0x34 ./Core/Src/usart.o
 .ARM.attributes
                0x00000000000001f2       0x21 ./Core/Startup/startup_stm32f303retx.o
 .ARM.attributes
                0x0000000000000213       0x34 ./Drivers/STM32F3xx_HAL_Driver/Src/stm32f3xx_hal.o
 .ARM.attributes
                0x0000000000000247       0x34 ./Drivers/STM32F3xx_HAL_Driver/Src/stm32f3xx_hal_cortex.o
 .ARM.attributes
                0x000000000000027b       0x34 ./Drivers/STM32F3xx_HAL_Driver/Src/stm32f3xx_hal_dac.o
 .ARM.attributes
                0x00000000000002af       0x34 ./Drivers/STM32F3xx_HAL_Driver/Src/stm32f3xx_hal_dac_ex.o
 .ARM.attributes
                0x00000000000002e3       0x34 ./Drivers/STM32F3xx_HAL_Driver/Src/stm32f3xx_hal_dma.o
 .ARM.attributes
                0x0000000000000317       0x34 ./Drivers/STM32F3xx_HAL_Driver/Src/stm32f3xx_hal_gpio.o
 .ARM.attributes
                0x000000000000034b       0x34 ./Drivers/STM32F3xx_HAL_Driver/Src/stm32f3xx_hal_rcc.o
 .ARM.attributes
                0x000000000000037f       0x34 ./Drivers/STM32F3xx_HAL_Driver/Src/stm32f3xx_hal_rcc_ex.o
 .ARM.attributes
                0x00000000000003b3       0x34 ./Drivers/STM32F3xx_HAL_Driver/Src/stm32f3xx_hal_tim.o
 .ARM.attributes
                0x00000000000003e7       0x34 ./Drivers/STM32F3xx_HAL_Driver/Src/stm32f3xx_hal_tim_ex.o
 .ARM.attributes
                0x000000000000041b       0x34 ./Drivers/STM32F3xx_HAL_Driver/Src/stm32f3xx_hal_uart.o
 .ARM.attributes
                0x000000000000044f       0x34 ./Drivers/STM32F3xx_HAL_Driver/Src/stm32f3xx_hal_uart_ex.o
 .ARM.attributes
                0x0000000000000483       0x34 c:/programywlasneoficjalnyfolder/cubeide/cubeideprogram/stm32cubeide_1.9.0/stm32cubeide/plugins/com.st.stm32cube.ide.mcu.externaltools.gnu-tools-for-stm32.10.3-2021.10.win32_1.0.0.202111181127/tools/bin/../lib/gcc/arm-none-eabi/10.3.1/../../../../arm-none-eabi/lib/thumb/v7e-m+fp/hard\libc_nano.a(lib_a-atoi.o)
 .ARM.attributes
                0x00000000000004b7       0x34 c:/programywlasneoficjalnyfolder/cubeide/cubeideprogram/stm32cubeide_1.9.0/stm32cubeide/plugins/com.st.stm32cube.ide.mcu.externaltools.gnu-tools-for-stm32.10.3-2021.10.win32_1.0.0.202111181127/tools/bin/../lib/gcc/arm-none-eabi/10.3.1/../../../../arm-none-eabi/lib/thumb/v7e-m+fp/hard\libc_nano.a(lib_a-errno.o)
 .ARM.attributes
                0x00000000000004eb       0x34 c:/programywlasneoficjalnyfolder/cubeide/cubeideprogram/stm32cubeide_1.9.0/stm32cubeide/plugins/com.st.stm32cube.ide.mcu.externaltools.gnu-tools-for-stm32.10.3-2021.10.win32_1.0.0.202111181127/tools/bin/../lib/gcc/arm-none-eabi/10.3.1/../../../../arm-none-eabi/lib/thumb/v7e-m+fp/hard\libc_nano.a(lib_a-impure.o)
 .ARM.attributes
                0x000000000000051f       0x34 c:/programywlasneoficjalnyfolder/cubeide/cubeideprogram/stm32cubeide_1.9.0/stm32cubeide/plugins/com.st.stm32cube.ide.mcu.externaltools.gnu-tools-for-stm32.10.3-2021.10.win32_1.0.0.202111181127/tools/bin/../lib/gcc/arm-none-eabi/10.3.1/../../../../arm-none-eabi/lib/thumb/v7e-m+fp/hard\libc_nano.a(lib_a-init.o)
 .ARM.attributes
                0x0000000000000553       0x34 c:/programywlasneoficjalnyfolder/cubeide/cubeideprogram/stm32cubeide_1.9.0/stm32cubeide/plugins/com.st.stm32cube.ide.mcu.externaltools.gnu-tools-for-stm32.10.3-2021.10.win32_1.0.0.202111181127/tools/bin/../lib/gcc/arm-none-eabi/10.3.1/../../../../arm-none-eabi/lib/thumb/v7e-m+fp/hard\libc_nano.a(lib_a-itoa.o)
 .ARM.attributes
                0x0000000000000587       0x34 c:/programywlasneoficjalnyfolder/cubeide/cubeideprogram/stm32cubeide_1.9.0/stm32cubeide/plugins/com.st.stm32cube.ide.mcu.externaltools.gnu-tools-for-stm32.10.3-2021.10.win32_1.0.0.202111181127/tools/bin/../lib/gcc/arm-none-eabi/10.3.1/../../../../arm-none-eabi/lib/thumb/v7e-m+fp/hard\libc_nano.a(lib_a-memcpy-stub.o)
 .ARM.attributes
                0x00000000000005bb       0x34 c:/programywlasneoficjalnyfolder/cubeide/cubeideprogram/stm32cubeide_1.9.0/stm32cubeide/plugins/com.st.stm32cube.ide.mcu.externaltools.gnu-tools-for-stm32.10.3-2021.10.win32_1.0.0.202111181127/tools/bin/../lib/gcc/arm-none-eabi/10.3.1/../../../../arm-none-eabi/lib/thumb/v7e-m+fp/hard\libc_nano.a(lib_a-memset.o)
 .ARM.attributes
                0x00000000000005ef       0x34 c:/programywlasneoficjalnyfolder/cubeide/cubeideprogram/stm32cubeide_1.9.0/stm32cubeide/plugins/com.st.stm32cube.ide.mcu.externaltools.gnu-tools-for-stm32.10.3-2021.10.win32_1.0.0.202111181127/tools/bin/../lib/gcc/arm-none-eabi/10.3.1/../../../../arm-none-eabi/lib/thumb/v7e-m+fp/hard\libc_nano.a(lib_a-strncmp.o)
 .ARM.attributes
                0x0000000000000623       0x34 c:/programywlasneoficjalnyfolder/cubeide/cubeideprogram/stm32cubeide_1.9.0/stm32cubeide/plugins/com.st.stm32cube.ide.mcu.externaltools.gnu-tools-for-stm32.10.3-2021.10.win32_1.0.0.202111181127/tools/bin/../lib/gcc/arm-none-eabi/10.3.1/../../../../arm-none-eabi/lib/thumb/v7e-m+fp/hard\libc_nano.a(lib_a-strtol.o)
 .ARM.attributes
                0x0000000000000657       0x34 c:/programywlasneoficjalnyfolder/cubeide/cubeideprogram/stm32cubeide_1.9.0/stm32cubeide/plugins/com.st.stm32cube.ide.mcu.externaltools.gnu-tools-for-stm32.10.3-2021.10.win32_1.0.0.202111181127/tools/bin/../lib/gcc/arm-none-eabi/10.3.1/../../../../arm-none-eabi/lib/thumb/v7e-m+fp/hard\libc_nano.a(lib_a-utoa.o)
 .ARM.attributes
                0x000000000000068b       0x34 c:/programywlasneoficjalnyfolder/cubeide/cubeideprogram/stm32cubeide_1.9.0/stm32cubeide/plugins/com.st.stm32cube.ide.mcu.externaltools.gnu-tools-for-stm32.10.3-2021.10.win32_1.0.0.202111181127/tools/bin/../lib/gcc/arm-none-eabi/10.3.1/../../../../arm-none-eabi/lib/thumb/v7e-m+fp/hard\libc_nano.a(lib_a-ctype_.o)
 .ARM.attributes
                0x00000000000006bf       0x1e c:/programywlasneoficjalnyfolder/cubeide/cubeideprogram/stm32cubeide_1.9.0/stm32cubeide/plugins/com.st.stm32cube.ide.mcu.externaltools.gnu-tools-for-stm32.10.3-2021.10.win32_1.0.0.202111181127/tools/bin/../lib/gcc/arm-none-eabi/10.3.1/thumb/v7e-m+fp/hard/crtn.o
OUTPUT(AGH_Motor.elf elf32-littlearm)
LOAD linker stubs
LOAD c:/programywlasneoficjalnyfolder/cubeide/cubeideprogram/stm32cubeide_1.9.0/stm32cubeide/plugins/com.st.stm32cube.ide.mcu.externaltools.gnu-tools-for-stm32.10.3-2021.10.win32_1.0.0.202111181127/tools/bin/../lib/gcc/arm-none-eabi/10.3.1/../../../../arm-none-eabi/lib/thumb/v7e-m+fp/hard\libc.a
LOAD c:/programywlasneoficjalnyfolder/cubeide/cubeideprogram/stm32cubeide_1.9.0/stm32cubeide/plugins/com.st.stm32cube.ide.mcu.externaltools.gnu-tools-for-stm32.10.3-2021.10.win32_1.0.0.202111181127/tools/bin/../lib/gcc/arm-none-eabi/10.3.1/../../../../arm-none-eabi/lib/thumb/v7e-m+fp/hard\libm.a
LOAD c:/programywlasneoficjalnyfolder/cubeide/cubeideprogram/stm32cubeide_1.9.0/stm32cubeide/plugins/com.st.stm32cube.ide.mcu.externaltools.gnu-tools-for-stm32.10.3-2021.10.win32_1.0.0.202111181127/tools/bin/../lib/gcc/arm-none-eabi/10.3.1/thumb/v7e-m+fp/hard\libgcc.a

.debug_info     0x0000000000000000    0x12bfa
 .debug_info    0x0000000000000000      0x804 ./Core/Src/dac.o
 .debug_info    0x0000000000000804      0x383 ./Core/Src/gpio.o
 .debug_info    0x0000000000000b87     0x147f ./Core/Src/main.o
 .debug_info    0x0000000000002006      0x1bd ./Core/Src/stm32f3xx_hal_msp.o
 .debug_info    0x00000000000021c3      0xb4d ./Core/Src/stm32f3xx_it.o
 .debug_info    0x0000000000002d10      0x416 ./Core/Src/system_stm32f3xx.o
 .debug_info    0x0000000000003126      0xe15 ./Core/Src/tim.o
 .debug_info    0x0000000000003f3b      0xc41 ./Core/Src/usart.o
 .debug_info    0x0000000000004b7c       0x22 ./Core/Startup/startup_stm32f303retx.o
 .debug_info    0x0000000000004b9e      0x837 ./Drivers/STM32F3xx_HAL_Driver/Src/stm32f3xx_hal.o
 .debug_info    0x00000000000053d5      0xdb5 ./Drivers/STM32F3xx_HAL_Driver/Src/stm32f3xx_hal_cortex.o
 .debug_info    0x000000000000618a      0x8a9 ./Drivers/STM32F3xx_HAL_Driver/Src/stm32f3xx_hal_dac.o
 .debug_info    0x0000000000006a33      0xa64 ./Drivers/STM32F3xx_HAL_Driver/Src/stm32f3xx_hal_dac_ex.o
 .debug_info    0x0000000000007497      0x757 ./Drivers/STM32F3xx_HAL_Driver/Src/stm32f3xx_hal_dma.o
 .debug_info    0x0000000000007bee      0x74e ./Drivers/STM32F3xx_HAL_Driver/Src/stm32f3xx_hal_gpio.o
 .debug_info    0x000000000000833c     0x1596 ./Drivers/STM32F3xx_HAL_Driver/Src/stm32f3xx_hal_rcc.o
 .debug_info    0x00000000000098d2      0x68a ./Drivers/STM32F3xx_HAL_Driver/Src/stm32f3xx_hal_rcc_ex.o
 .debug_info    0x0000000000009f5c     0x2cdb ./Drivers/STM32F3xx_HAL_Driver/Src/stm32f3xx_hal_tim.o
 .debug_info    0x000000000000cc37     0x16a8 ./Drivers/STM32F3xx_HAL_Driver/Src/stm32f3xx_hal_tim_ex.o
 .debug_info    0x000000000000e2df     0x3bf8 ./Drivers/STM32F3xx_HAL_Driver/Src/stm32f3xx_hal_uart.o
 .debug_info    0x0000000000011ed7      0xd23 ./Drivers/STM32F3xx_HAL_Driver/Src/stm32f3xx_hal_uart_ex.o

.debug_abbrev   0x0000000000000000     0x29d4
 .debug_abbrev  0x0000000000000000      0x1e0 ./Core/Src/dac.o
 .debug_abbrev  0x00000000000001e0      0x146 ./Core/Src/gpio.o
 .debug_abbrev  0x0000000000000326      0x2dc ./Core/Src/main.o
 .debug_abbrev  0x0000000000000602       0xde ./Core/Src/stm32f3xx_hal_msp.o
 .debug_abbrev  0x00000000000006e0      0x18b ./Core/Src/stm32f3xx_it.o
 .debug_abbrev  0x000000000000086b      0x116 ./Core/Src/system_stm32f3xx.o
 .debug_abbrev  0x0000000000000981      0x21d ./Core/Src/tim.o
 .debug_abbrev  0x0000000000000b9e      0x1f0 ./Core/Src/usart.o
 .debug_abbrev  0x0000000000000d8e       0x12 ./Core/Startup/startup_stm32f303retx.o
 .debug_abbrev  0x0000000000000da0      0x20e ./Drivers/STM32F3xx_HAL_Driver/Src/stm32f3xx_hal.o
 .debug_abbrev  0x0000000000000fae      0x316 ./Drivers/STM32F3xx_HAL_Driver/Src/stm32f3xx_hal_cortex.o
 .debug_abbrev  0x00000000000012c4      0x19d ./Drivers/STM32F3xx_HAL_Driver/Src/stm32f3xx_hal_dac.o
 .debug_abbrev  0x0000000000001461      0x24a ./Drivers/STM32F3xx_HAL_Driver/Src/stm32f3xx_hal_dac_ex.o
 .debug_abbrev  0x00000000000016ab      0x1fe ./Drivers/STM32F3xx_HAL_Driver/Src/stm32f3xx_hal_dma.o
 .debug_abbrev  0x00000000000018a9      0x1bb ./Drivers/STM32F3xx_HAL_Driver/Src/stm32f3xx_hal_gpio.o
 .debug_abbrev  0x0000000000001a64      0x2f9 ./Drivers/STM32F3xx_HAL_Driver/Src/stm32f3xx_hal_rcc.o
 .debug_abbrev  0x0000000000001d5d      0x240 ./Drivers/STM32F3xx_HAL_Driver/Src/stm32f3xx_hal_rcc_ex.o
 .debug_abbrev  0x0000000000001f9d      0x264 ./Drivers/STM32F3xx_HAL_Driver/Src/stm32f3xx_hal_tim.o
 .debug_abbrev  0x0000000000002201      0x26c ./Drivers/STM32F3xx_HAL_Driver/Src/stm32f3xx_hal_tim_ex.o
 .debug_abbrev  0x000000000000246d      0x2bc ./Drivers/STM32F3xx_HAL_Driver/Src/stm32f3xx_hal_uart.o
 .debug_abbrev  0x0000000000002729      0x2ab ./Drivers/STM32F3xx_HAL_Driver/Src/stm32f3xx_hal_uart_ex.o

.debug_aranges  0x0000000000000000      0xf08
 .debug_aranges
                0x0000000000000000       0x30 ./Core/Src/dac.o
 .debug_aranges
                0x0000000000000030       0x20 ./Core/Src/gpio.o
 .debug_aranges
                0x0000000000000050       0x68 ./Core/Src/main.o
 .debug_aranges
                0x00000000000000b8       0x20 ./Core/Src/stm32f3xx_hal_msp.o
 .debug_aranges
                0x00000000000000d8       0x80 ./Core/Src/stm32f3xx_it.o
 .debug_aranges
                0x0000000000000158       0x28 ./Core/Src/system_stm32f3xx.o
 .debug_aranges
                0x0000000000000180       0x40 ./Core/Src/tim.o
 .debug_aranges
                0x00000000000001c0       0x38 ./Core/Src/usart.o
 .debug_aranges
                0x00000000000001f8       0x28 ./Core/Startup/startup_stm32f303retx.o
 .debug_aranges
                0x0000000000000220       0xe0 ./Drivers/STM32F3xx_HAL_Driver/Src/stm32f3xx_hal.o
 .debug_aranges
                0x0000000000000300      0x118 ./Drivers/STM32F3xx_HAL_Driver/Src/stm32f3xx_hal_cortex.o
 .debug_aranges
                0x0000000000000418       0xa8 ./Drivers/STM32F3xx_HAL_Driver/Src/stm32f3xx_hal_dac.o
 .debug_aranges
                0x00000000000004c0       0xb8 ./Drivers/STM32F3xx_HAL_Driver/Src/stm32f3xx_hal_dac_ex.o
 .debug_aranges
                0x0000000000000578       0x88 ./Drivers/STM32F3xx_HAL_Driver/Src/stm32f3xx_hal_dma.o
 .debug_aranges
                0x0000000000000600       0x58 ./Drivers/STM32F3xx_HAL_Driver/Src/stm32f3xx_hal_gpio.o
 .debug_aranges
                0x0000000000000658       0x88 ./Drivers/STM32F3xx_HAL_Driver/Src/stm32f3xx_hal_rcc.o
 .debug_aranges
                0x00000000000006e0       0x38 ./Drivers/STM32F3xx_HAL_Driver/Src/stm32f3xx_hal_rcc_ex.o
 .debug_aranges
                0x0000000000000718      0x3e0 ./Drivers/STM32F3xx_HAL_Driver/Src/stm32f3xx_hal_tim.o
 .debug_aranges
                0x0000000000000af8      0x178 ./Drivers/STM32F3xx_HAL_Driver/Src/stm32f3xx_hal_tim_ex.o
 .debug_aranges
                0x0000000000000c70      0x228 ./Drivers/STM32F3xx_HAL_Driver/Src/stm32f3xx_hal_uart.o
 .debug_aranges
                0x0000000000000e98       0x70 ./Drivers/STM32F3xx_HAL_Driver/Src/stm32f3xx_hal_uart_ex.o

.debug_ranges   0x0000000000000000      0xdf0
 .debug_ranges  0x0000000000000000       0x20 ./Core/Src/dac.o
 .debug_ranges  0x0000000000000020       0x10 ./Core/Src/gpio.o
 .debug_ranges  0x0000000000000030       0x58 ./Core/Src/main.o
 .debug_ranges  0x0000000000000088       0x10 ./Core/Src/stm32f3xx_hal_msp.o
 .debug_ranges  0x0000000000000098       0x70 ./Core/Src/stm32f3xx_it.o
 .debug_ranges  0x0000000000000108       0x18 ./Core/Src/system_stm32f3xx.o
 .debug_ranges  0x0000000000000120       0x30 ./Core/Src/tim.o
 .debug_ranges  0x0000000000000150       0x28 ./Core/Src/usart.o
 .debug_ranges  0x0000000000000178       0x20 ./Core/Startup/startup_stm32f303retx.o
 .debug_ranges  0x0000000000000198       0xd0 ./Drivers/STM32F3xx_HAL_Driver/Src/stm32f3xx_hal.o
 .debug_ranges  0x0000000000000268      0x108 ./Drivers/STM32F3xx_HAL_Driver/Src/stm32f3xx_hal_cortex.o
 .debug_ranges  0x0000000000000370       0x98 ./Drivers/STM32F3xx_HAL_Driver/Src/stm32f3xx_hal_dac.o
 .debug_ranges  0x0000000000000408       0xa8 ./Drivers/STM32F3xx_HAL_Driver/Src/stm32f3xx_hal_dac_ex.o
 .debug_ranges  0x00000000000004b0       0x78 ./Drivers/STM32F3xx_HAL_Driver/Src/stm32f3xx_hal_dma.o
 .debug_ranges  0x0000000000000528       0x48 ./Drivers/STM32F3xx_HAL_Driver/Src/stm32f3xx_hal_gpio.o
 .debug_ranges  0x0000000000000570       0x78 ./Drivers/STM32F3xx_HAL_Driver/Src/stm32f3xx_hal_rcc.o
 .debug_ranges  0x00000000000005e8       0x28 ./Drivers/STM32F3xx_HAL_Driver/Src/stm32f3xx_hal_rcc_ex.o
 .debug_ranges  0x0000000000000610      0x3d0 ./Drivers/STM32F3xx_HAL_Driver/Src/stm32f3xx_hal_tim.o
 .debug_ranges  0x00000000000009e0      0x168 ./Drivers/STM32F3xx_HAL_Driver/Src/stm32f3xx_hal_tim_ex.o
 .debug_ranges  0x0000000000000b48      0x248 ./Drivers/STM32F3xx_HAL_Driver/Src/stm32f3xx_hal_uart.o
 .debug_ranges  0x0000000000000d90       0x60 ./Drivers/STM32F3xx_HAL_Driver/Src/stm32f3xx_hal_uart_ex.o

.debug_macro    0x0000000000000000    0x217d0
 .debug_macro   0x0000000000000000      0x204 ./Core/Src/dac.o
 .debug_macro   0x0000000000000204      0xa78 ./Core/Src/dac.o
 .debug_macro   0x0000000000000c7c      0x15d ./Core/Src/dac.o
 .debug_macro   0x0000000000000dd9       0x2e ./Core/Src/dac.o
 .debug_macro   0x0000000000000e07       0x28 ./Core/Src/dac.o
 .debug_macro   0x0000000000000e2f       0x22 ./Core/Src/dac.o
 .debug_macro   0x0000000000000e51       0x8e ./Core/Src/dac.o
 .debug_macro   0x0000000000000edf       0x51 ./Core/Src/dac.o
 .debug_macro   0x0000000000000f30      0x103 ./Core/Src/dac.o
 .debug_macro   0x0000000000001033       0x6a ./Core/Src/dac.o
 .debug_macro   0x000000000000109d      0x1df ./Core/Src/dac.o
 .debug_macro   0x000000000000127c       0x1c ./Core/Src/dac.o
 .debug_macro   0x0000000000001298       0x22 ./Core/Src/dac.o
 .debug_macro   0x00000000000012ba       0xd9 ./Core/Src/dac.o
 .debug_macro   0x0000000000001393     0x102d ./Core/Src/dac.o
 .debug_macro   0x00000000000023c0      0x11f ./Core/Src/dac.o
 .debug_macro   0x00000000000024df    0x1535a ./Core/Src/dac.o
 .debug_macro   0x0000000000017839       0x6d ./Core/Src/dac.o
 .debug_macro   0x00000000000178a6     0x3558 ./Core/Src/dac.o
 .debug_macro   0x000000000001adfe      0x174 ./Core/Src/dac.o
 .debug_macro   0x000000000001af72       0x55 ./Core/Src/dac.o
 .debug_macro   0x000000000001afc7      0x953 ./Core/Src/dac.o
 .debug_macro   0x000000000001b91a      0x84a ./Core/Src/dac.o
 .debug_macro   0x000000000001c164      0x1b5 ./Core/Src/dac.o
 .debug_macro   0x000000000001c319      0x23a ./Core/Src/dac.o
 .debug_macro   0x000000000001c553      0x1ea ./Core/Src/dac.o
 .debug_macro   0x000000000001c73d      0x1bc ./Core/Src/dac.o
 .debug_macro   0x000000000001c8f9       0x30 ./Core/Src/dac.o
 .debug_macro   0x000000000001c929       0x3c ./Core/Src/dac.o
 .debug_macro   0x000000000001c965      0x235 ./Core/Src/dac.o
 .debug_macro   0x000000000001cb9a      0x176 ./Core/Src/dac.o
 .debug_macro   0x000000000001cd10       0x61 ./Core/Src/dac.o
 .debug_macro   0x000000000001cd71       0xc5 ./Core/Src/dac.o
 .debug_macro   0x000000000001ce36      0x21d ./Core/Src/dac.o
 .debug_macro   0x000000000001d053      0x22c ./Core/Src/dac.o
 .debug_macro   0x000000000001d27f       0x5b ./Core/Src/dac.o
 .debug_macro   0x000000000001d2da       0xa5 ./Core/Src/dac.o
 .debug_macro   0x000000000001d37f       0x81 ./Core/Src/dac.o
 .debug_macro   0x000000000001d400       0xd3 ./Core/Src/dac.o
 .debug_macro   0x000000000001d4d3      0xa59 ./Core/Src/dac.o
 .debug_macro   0x000000000001df2c       0xba ./Core/Src/dac.o
 .debug_macro   0x000000000001dfe6      0x5ba ./Core/Src/dac.o
 .debug_macro   0x000000000001e5a0       0x44 ./Core/Src/dac.o
 .debug_macro   0x000000000001e5e4      0x347 ./Core/Src/dac.o
 .debug_macro   0x000000000001e92b       0x4c ./Core/Src/dac.o
 .debug_macro   0x000000000001e977      0x204 ./Core/Src/gpio.o
 .debug_macro   0x000000000001eb7b      0x349 ./Core/Src/main.o
 .debug_macro   0x000000000001eec4       0x22 ./Core/Src/main.o
 .debug_macro   0x000000000001eee6       0x52 ./Core/Src/main.o
 .debug_macro   0x000000000001ef38       0x1e ./Core/Src/main.o
 .debug_macro   0x000000000001ef56       0x3c ./Core/Src/main.o
 .debug_macro   0x000000000001ef92       0x34 ./Core/Src/main.o
 .debug_macro   0x000000000001efc6       0x16 ./Core/Src/main.o
 .debug_macro   0x000000000001efdc       0x43 ./Core/Src/main.o
 .debug_macro   0x000000000001f01f       0x34 ./Core/Src/main.o
 .debug_macro   0x000000000001f053       0x10 ./Core/Src/main.o
 .debug_macro   0x000000000001f063       0x58 ./Core/Src/main.o
 .debug_macro   0x000000000001f0bb       0x71 ./Core/Src/main.o
 .debug_macro   0x000000000001f12c       0x1c ./Core/Src/main.o
 .debug_macro   0x000000000001f148      0x12a ./Core/Src/main.o
 .debug_macro   0x000000000001f272      0x341 ./Core/Src/main.o
 .debug_macro   0x000000000001f5b3       0x10 ./Core/Src/main.o
 .debug_macro   0x000000000001f5c3       0x35 ./Core/Src/main.o
 .debug_macro   0x000000000001f5f8       0x20 ./Core/Src/main.o
 .debug_macro   0x000000000001f618       0x16 ./Core/Src/main.o
 .debug_macro   0x000000000001f62e       0x16 ./Core/Src/main.o
 .debug_macro   0x000000000001f644       0x29 ./Core/Src/main.o
 .debug_macro   0x000000000001f66d      0x1fa ./Core/Src/stm32f3xx_hal_msp.o
 .debug_macro   0x000000000001f867      0x204 ./Core/Src/stm32f3xx_it.o
 .debug_macro   0x000000000001fa6b      0x1eb ./Core/Src/system_stm32f3xx.o
 .debug_macro   0x000000000001fc56      0x204 ./Core/Src/tim.o
 .debug_macro   0x000000000001fe5a      0x204 ./Core/Src/usart.o
 .debug_macro   0x000000000002005e      0x20f ./Drivers/STM32F3xx_HAL_Driver/Src/stm32f3xx_hal.o
 .debug_macro   0x000000000002026d      0x1eb ./Drivers/STM32F3xx_HAL_Driver/Src/stm32f3xx_hal_cortex.o
 .debug_macro   0x0000000000020458      0x1ec ./Drivers/STM32F3xx_HAL_Driver/Src/stm32f3xx_hal_dac.o
 .debug_macro   0x0000000000020644      0x1eb ./Drivers/STM32F3xx_HAL_Driver/Src/stm32f3xx_hal_dac_ex.o
 .debug_macro   0x000000000002082f      0x1eb ./Drivers/STM32F3xx_HAL_Driver/Src/stm32f3xx_hal_dma.o
 .debug_macro   0x0000000000020a1a      0x1f2 ./Drivers/STM32F3xx_HAL_Driver/Src/stm32f3xx_hal_gpio.o
 .debug_macro   0x0000000000020c0c      0x20f ./Drivers/STM32F3xx_HAL_Driver/Src/stm32f3xx_hal_rcc.o
 .debug_macro   0x0000000000020e1b      0x1eb ./Drivers/STM32F3xx_HAL_Driver/Src/stm32f3xx_hal_rcc_ex.o
 .debug_macro   0x0000000000021006      0x1ec ./Drivers/STM32F3xx_HAL_Driver/Src/stm32f3xx_hal_tim.o
 .debug_macro   0x00000000000211f2      0x1eb ./Drivers/STM32F3xx_HAL_Driver/Src/stm32f3xx_hal_tim_ex.o
 .debug_macro   0x00000000000213dd      0x208 ./Drivers/STM32F3xx_HAL_Driver/Src/stm32f3xx_hal_uart.o
 .debug_macro   0x00000000000215e5      0x1eb ./Drivers/STM32F3xx_HAL_Driver/Src/stm32f3xx_hal_uart_ex.o

.debug_line     0x0000000000000000    0x1569f
 .debug_line    0x0000000000000000      0x8c7 ./Core/Src/dac.o
 .debug_line    0x00000000000008c7      0x885 ./Core/Src/gpio.o
 .debug_line    0x000000000000114c      0xc2d ./Core/Src/main.o
 .debug_line    0x0000000000001d79      0x86c ./Core/Src/stm32f3xx_hal_msp.o
 .debug_line    0x00000000000025e5      0x990 ./Core/Src/stm32f3xx_it.o
 .debug_line    0x0000000000002f75      0x8e7 ./Core/Src/system_stm32f3xx.o
 .debug_line    0x000000000000385c      0x9bb ./Core/Src/tim.o
 .debug_line    0x0000000000004217      0x951 ./Core/Src/usart.o
 .debug_line    0x0000000000004b68       0x88 ./Core/Startup/startup_stm32f303retx.o
 .debug_line    0x0000000000004bf0      0xb17 ./Drivers/STM32F3xx_HAL_Driver/Src/stm32f3xx_hal.o
 .debug_line    0x0000000000005707      0xddc ./Drivers/STM32F3xx_HAL_Driver/Src/stm32f3xx_hal_cortex.o
 .debug_line    0x00000000000064e3      0xa63 ./Drivers/STM32F3xx_HAL_Driver/Src/stm32f3xx_hal_dac.o
 .debug_line    0x0000000000006f46      0xcdb ./Drivers/STM32F3xx_HAL_Driver/Src/stm32f3xx_hal_dac_ex.o
 .debug_line    0x0000000000007c21      0xe29 ./Drivers/STM32F3xx_HAL_Driver/Src/stm32f3xx_hal_dma.o
 .debug_line    0x0000000000008a4a      0xc9e ./Drivers/STM32F3xx_HAL_Driver/Src/stm32f3xx_hal_gpio.o
 .debug_line    0x00000000000096e8     0x150c ./Drivers/STM32F3xx_HAL_Driver/Src/stm32f3xx_hal_rcc.o
 .debug_line    0x000000000000abf4     0x1032 ./Drivers/STM32F3xx_HAL_Driver/Src/stm32f3xx_hal_rcc_ex.o
 .debug_line    0x000000000000bc26     0x3f4d ./Drivers/STM32F3xx_HAL_Driver/Src/stm32f3xx_hal_tim.o
 .debug_line    0x000000000000fb73     0x1c42 ./Drivers/STM32F3xx_HAL_Driver/Src/stm32f3xx_hal_tim_ex.o
 .debug_line    0x00000000000117b5     0x325c ./Drivers/STM32F3xx_HAL_Driver/Src/stm32f3xx_hal_uart.o
 .debug_line    0x0000000000014a11      0xc8e ./Drivers/STM32F3xx_HAL_Driver/Src/stm32f3xx_hal_uart_ex.o

.debug_str      0x0000000000000000    0xcb105
 .debug_str     0x0000000000000000    0xc4041 ./Core/Src/dac.o
                                      0xc4730 (size before relaxing)
 .debug_str     0x00000000000c4041       0x68 ./Core/Src/gpio.o
                                      0xc4389 (size before relaxing)
 .debug_str     0x00000000000c40a9     0x3b18 ./Core/Src/main.o
                                      0xc8217 (size before relaxing)
 .debug_str     0x00000000000c7bc1       0x49 ./Core/Src/stm32f3xx_hal_msp.o
                                      0xc42db (size before relaxing)
 .debug_str     0x00000000000c7c0a      0x121 ./Core/Src/stm32f3xx_it.o
                                      0xc4afe (size before relaxing)
 .debug_str     0x00000000000c7d2b       0xe9 ./Core/Src/system_stm32f3xx.o
                                      0xc427d (size before relaxing)
 .debug_str     0x00000000000c7e14      0x53c ./Core/Src/tim.o
                                      0xc4f60 (size before relaxing)
 .debug_str     0x00000000000c8350       0x65 ./Core/Src/usart.o
                                      0xc4d0f (size before relaxing)
 .debug_str     0x00000000000c83b5       0x36 ./Core/Startup/startup_stm32f303retx.o
                                         0x73 (size before relaxing)
 .debug_str     0x00000000000c83eb      0x384 ./Drivers/STM32F3xx_HAL_Driver/Src/stm32f3xx_hal.o
                                      0xc4b26 (size before relaxing)
 .debug_str     0x00000000000c876f      0x345 ./Drivers/STM32F3xx_HAL_Driver/Src/stm32f3xx_hal_cortex.o
                                      0xc4b78 (size before relaxing)
 .debug_str     0x00000000000c8ab4      0x14d ./Drivers/STM32F3xx_HAL_Driver/Src/stm32f3xx_hal_dac.o
                                      0xc4681 (size before relaxing)
 .debug_str     0x00000000000c8c01      0x1bc ./Drivers/STM32F3xx_HAL_Driver/Src/stm32f3xx_hal_dac_ex.o
                                      0xc478a (size before relaxing)
 .debug_str     0x00000000000c8dbd      0x229 ./Drivers/STM32F3xx_HAL_Driver/Src/stm32f3xx_hal_dma.o
                                      0xc45c5 (size before relaxing)
 .debug_str     0x00000000000c8fe6      0x185 ./Drivers/STM32F3xx_HAL_Driver/Src/stm32f3xx_hal_gpio.o
                                      0xc4462 (size before relaxing)
 .debug_str     0x00000000000c916b      0x2dd ./Drivers/STM32F3xx_HAL_Driver/Src/stm32f3xx_hal_rcc.o
                                      0xc4721 (size before relaxing)
 .debug_str     0x00000000000c9448       0xb4 ./Drivers/STM32F3xx_HAL_Driver/Src/stm32f3xx_hal_rcc_ex.o
                                      0xc456b (size before relaxing)
 .debug_str     0x00000000000c94fc      0xd5b ./Drivers/STM32F3xx_HAL_Driver/Src/stm32f3xx_hal_tim.o
                                      0xc56a4 (size before relaxing)
 .debug_str     0x00000000000ca257      0x4dc ./Drivers/STM32F3xx_HAL_Driver/Src/stm32f3xx_hal_tim_ex.o
                                      0xc4efa (size before relaxing)
 .debug_str     0x00000000000ca733      0x81a ./Drivers/STM32F3xx_HAL_Driver/Src/stm32f3xx_hal_uart.o
                                      0xc4fa0 (size before relaxing)
 .debug_str     0x00000000000caf4d      0x1b8 ./Drivers/STM32F3xx_HAL_Driver/Src/stm32f3xx_hal_uart_ex.o
                                      0xc48a5 (size before relaxing)

.comment        0x0000000000000000       0x50
 .comment       0x0000000000000000       0x50 ./Core/Src/dac.o
                                         0x51 (size before relaxing)
 .comment       0x0000000000000050       0x51 ./Core/Src/gpio.o
 .comment       0x0000000000000050       0x51 ./Core/Src/main.o
 .comment       0x0000000000000050       0x51 ./Core/Src/stm32f3xx_hal_msp.o
 .comment       0x0000000000000050       0x51 ./Core/Src/stm32f3xx_it.o
 .comment       0x0000000000000050       0x51 ./Core/Src/system_stm32f3xx.o
 .comment       0x0000000000000050       0x51 ./Core/Src/tim.o
 .comment       0x0000000000000050       0x51 ./Core/Src/usart.o
 .comment       0x0000000000000050       0x51 ./Drivers/STM32F3xx_HAL_Driver/Src/stm32f3xx_hal.o
 .comment       0x0000000000000050       0x51 ./Drivers/STM32F3xx_HAL_Driver/Src/stm32f3xx_hal_cortex.o
 .comment       0x0000000000000050       0x51 ./Drivers/STM32F3xx_HAL_Driver/Src/stm32f3xx_hal_dac.o
 .comment       0x0000000000000050       0x51 ./Drivers/STM32F3xx_HAL_Driver/Src/stm32f3xx_hal_dac_ex.o
 .comment       0x0000000000000050       0x51 ./Drivers/STM32F3xx_HAL_Driver/Src/stm32f3xx_hal_dma.o
 .comment       0x0000000000000050       0x51 ./Drivers/STM32F3xx_HAL_Driver/Src/stm32f3xx_hal_gpio.o
 .comment       0x0000000000000050       0x51 ./Drivers/STM32F3xx_HAL_Driver/Src/stm32f3xx_hal_rcc.o
 .comment       0x0000000000000050       0x51 ./Drivers/STM32F3xx_HAL_Driver/Src/stm32f3xx_hal_rcc_ex.o
 .comment       0x0000000000000050       0x51 ./Drivers/STM32F3xx_HAL_Driver/Src/stm32f3xx_hal_tim.o
 .comment       0x0000000000000050       0x51 ./Drivers/STM32F3xx_HAL_Driver/Src/stm32f3xx_hal_tim_ex.o
 .comment       0x0000000000000050       0x51 ./Drivers/STM32F3xx_HAL_Driver/Src/stm32f3xx_hal_uart.o
 .comment       0x0000000000000050       0x51 ./Drivers/STM32F3xx_HAL_Driver/Src/stm32f3xx_hal_uart_ex.o

.debug_frame    0x0000000000000000     0x3f5c
 .debug_frame   0x0000000000000000       0x7c ./Core/Src/dac.o
 .debug_frame   0x000000000000007c       0x34 ./Core/Src/gpio.o
 .debug_frame   0x00000000000000b0      0x16c ./Core/Src/main.o
 .debug_frame   0x000000000000021c       0x34 ./Core/Src/stm32f3xx_hal_msp.o
 .debug_frame   0x0000000000000250      0x174 ./Core/Src/stm32f3xx_it.o
 .debug_frame   0x00000000000003c4       0x58 ./Core/Src/system_stm32f3xx.o
 .debug_frame   0x000000000000041c       0xbc ./Core/Src/tim.o
 .debug_frame   0x00000000000004d8       0x90 ./Core/Src/usart.o
 .debug_frame   0x0000000000000568      0x334 ./Drivers/STM32F3xx_HAL_Driver/Src/stm32f3xx_hal.o
 .debug_frame   0x000000000000089c      0x498 ./Drivers/STM32F3xx_HAL_Driver/Src/stm32f3xx_hal_cortex.o
 .debug_frame   0x0000000000000d34      0x2d4 ./Drivers/STM32F3xx_HAL_Driver/Src/stm32f3xx_hal_dac.o
 .debug_frame   0x0000000000001008      0x310 ./Drivers/STM32F3xx_HAL_Driver/Src/stm32f3xx_hal_dac_ex.o
 .debug_frame   0x0000000000001318      0x224 ./Drivers/STM32F3xx_HAL_Driver/Src/stm32f3xx_hal_dma.o
 .debug_frame   0x000000000000153c      0x14c ./Drivers/STM32F3xx_HAL_Driver/Src/stm32f3xx_hal_gpio.o
 .debug_frame   0x0000000000001688      0x214 ./Drivers/STM32F3xx_HAL_Driver/Src/stm32f3xx_hal_rcc.o
 .debug_frame   0x000000000000189c       0xb0 ./Drivers/STM32F3xx_HAL_Driver/Src/stm32f3xx_hal_rcc_ex.o
 .debug_frame   0x000000000000194c     0x121c ./Drivers/STM32F3xx_HAL_Driver/Src/stm32f3xx_hal_tim.o
 .debug_frame   0x0000000000002b68      0x688 ./Drivers/STM32F3xx_HAL_Driver/Src/stm32f3xx_hal_tim_ex.o
 .debug_frame   0x00000000000031f0      0x9e8 ./Drivers/STM32F3xx_HAL_Driver/Src/stm32f3xx_hal_uart.o
 .debug_frame   0x0000000000003bd8      0x1b4 ./Drivers/STM32F3xx_HAL_Driver/Src/stm32f3xx_hal_uart_ex.o
 .debug_frame   0x0000000000003d8c       0x30 c:/programywlasneoficjalnyfolder/cubeide/cubeideprogram/stm32cubeide_1.9.0/stm32cubeide/plugins/com.st.stm32cube.ide.mcu.externaltools.gnu-tools-for-stm32.10.3-2021.10.win32_1.0.0.202111181127/tools/bin/../lib/gcc/arm-none-eabi/10.3.1/../../../../arm-none-eabi/lib/thumb/v7e-m+fp/hard\libc_nano.a(lib_a-atoi.o)
 .debug_frame   0x0000000000003dbc       0x20 c:/programywlasneoficjalnyfolder/cubeide/cubeideprogram/stm32cubeide_1.9.0/stm32cubeide/plugins/com.st.stm32cube.ide.mcu.externaltools.gnu-tools-for-stm32.10.3-2021.10.win32_1.0.0.202111181127/tools/bin/../lib/gcc/arm-none-eabi/10.3.1/../../../../arm-none-eabi/lib/thumb/v7e-m+fp/hard\libc_nano.a(lib_a-errno.o)
 .debug_frame   0x0000000000003ddc       0x2c c:/programywlasneoficjalnyfolder/cubeide/cubeideprogram/stm32cubeide_1.9.0/stm32cubeide/plugins/com.st.stm32cube.ide.mcu.externaltools.gnu-tools-for-stm32.10.3-2021.10.win32_1.0.0.202111181127/tools/bin/../lib/gcc/arm-none-eabi/10.3.1/../../../../arm-none-eabi/lib/thumb/v7e-m+fp/hard\libc_nano.a(lib_a-init.o)
 .debug_frame   0x0000000000003e08       0x38 c:/programywlasneoficjalnyfolder/cubeide/cubeideprogram/stm32cubeide_1.9.0/stm32cubeide/plugins/com.st.stm32cube.ide.mcu.externaltools.gnu-tools-for-stm32.10.3-2021.10.win32_1.0.0.202111181127/tools/bin/../lib/gcc/arm-none-eabi/10.3.1/../../../../arm-none-eabi/lib/thumb/v7e-m+fp/hard\libc_nano.a(lib_a-itoa.o)
 .debug_frame   0x0000000000003e40       0x28 c:/programywlasneoficjalnyfolder/cubeide/cubeideprogram/stm32cubeide_1.9.0/stm32cubeide/plugins/com.st.stm32cube.ide.mcu.externaltools.gnu-tools-for-stm32.10.3-2021.10.win32_1.0.0.202111181127/tools/bin/../lib/gcc/arm-none-eabi/10.3.1/../../../../arm-none-eabi/lib/thumb/v7e-m+fp/hard\libc_nano.a(lib_a-memcpy-stub.o)
 .debug_frame   0x0000000000003e68       0x20 c:/programywlasneoficjalnyfolder/cubeide/cubeideprogram/stm32cubeide_1.9.0/stm32cubeide/plugins/com.st.stm32cube.ide.mcu.externaltools.gnu-tools-for-stm32.10.3-2021.10.win32_1.0.0.202111181127/tools/bin/../lib/gcc/arm-none-eabi/10.3.1/../../../../arm-none-eabi/lib/thumb/v7e-m+fp/hard\libc_nano.a(lib_a-memset.o)
 .debug_frame   0x0000000000003e88       0x28 c:/programywlasneoficjalnyfolder/cubeide/cubeideprogram/stm32cubeide_1.9.0/stm32cubeide/plugins/com.st.stm32cube.ide.mcu.externaltools.gnu-tools-for-stm32.10.3-2021.10.win32_1.0.0.202111181127/tools/bin/../lib/gcc/arm-none-eabi/10.3.1/../../../../arm-none-eabi/lib/thumb/v7e-m+fp/hard\libc_nano.a(lib_a-strncmp.o)
 .debug_frame   0x0000000000003eb0       0x64 c:/programywlasneoficjalnyfolder/cubeide/cubeideprogram/stm32cubeide_1.9.0/stm32cubeide/plugins/com.st.stm32cube.ide.mcu.externaltools.gnu-tools-for-stm32.10.3-2021.10.win32_1.0.0.202111181127/tools/bin/../lib/gcc/arm-none-eabi/10.3.1/../../../../arm-none-eabi/lib/thumb/v7e-m+fp/hard\libc_nano.a(lib_a-strtol.o)
 .debug_frame   0x0000000000003f14       0x48 c:/programywlasneoficjalnyfolder/cubeide/cubeideprogram/stm32cubeide_1.9.0/stm32cubeide/plugins/com.st.stm32cube.ide.mcu.externaltools.gnu-tools-for-stm32.10.3-2021.10.win32_1.0.0.202111181127/tools/bin/../lib/gcc/arm-none-eabi/10.3.1/../../../../arm-none-eabi/lib/thumb/v7e-m+fp/hard\libc_nano.a(lib_a-utoa.o)
