../Core/Src/main.c:101:13:Set_BLDC_Direction	16	static
../Core/Src/main.c:116:13:Set_DAC_Value	16	static
../Core/Src/main.c:121:13:Uart_Parse_Command	16	static
../Core/Src/main.c:155:13:Uart_StartsWith	24	static
../Core/Src/main.c:166:5:main	8	static
../Core/Src/main.c:225:6:SystemClock_Config	160	static
../Core/Src/main.c:275:6:HAL_TIM_IC_CaptureCallback	16	static
../Core/Src/main.c:283:6:HAL_TIM_PeriodElapsedCallback	24	static
../Core/Src/main.c:311:6:HAL_UART_RxCpltCallback	16	static
../Core/Src/main.c:340:6:Error_Handler	4	static,ignoring_inline_asm
